Archive member included to satisfy reference by file (symbol)

c:/program files (x86)/gnu arm embedded toolchain/10 2021.10/bin/../lib/gcc/arm-none-eabi/10.3.1/thumb/v8-m.main+fp/hard\libgcc.a(_aeabi_ldivmod.o)
                              ./ra/fsp/src/r_sci_uart/r_sci_uart.o (__aeabi_ldivmod)
c:/program files (x86)/gnu arm embedded toolchain/10 2021.10/bin/../lib/gcc/arm-none-eabi/10.3.1/thumb/v8-m.main+fp/hard\libgcc.a(_udivmoddi4.o)
                              c:/program files (x86)/gnu arm embedded toolchain/10 2021.10/bin/../lib/gcc/arm-none-eabi/10.3.1/thumb/v8-m.main+fp/hard\libgcc.a(_aeabi_ldivmod.o) (__udivmoddi4)
c:/program files (x86)/gnu arm embedded toolchain/10 2021.10/bin/../lib/gcc/arm-none-eabi/10.3.1/thumb/v8-m.main+fp/hard\libgcc.a(_dvmd_tls.o)
                              c:/program files (x86)/gnu arm embedded toolchain/10 2021.10/bin/../lib/gcc/arm-none-eabi/10.3.1/thumb/v8-m.main+fp/hard\libgcc.a(_aeabi_ldivmod.o) (__aeabi_ldiv0)
c:/program files (x86)/gnu arm embedded toolchain/10 2021.10/bin/../lib/gcc/arm-none-eabi/10.3.1/../../../../arm-none-eabi/lib/thumb/v8-m.main+fp/hard\libg_nano.a(lib_a-atoi.o)
                              ./src/libs/lwip/src/core/netif.o (atoi)
c:/program files (x86)/gnu arm embedded toolchain/10 2021.10/bin/../lib/gcc/arm-none-eabi/10.3.1/../../../../arm-none-eabi/lib/thumb/v8-m.main+fp/hard\libg_nano.a(lib_a-ctype_.o)
                              ./src/libs/lwip/src/netif/ppp/utils.o (_ctype_)
c:/program files (x86)/gnu arm embedded toolchain/10 2021.10/bin/../lib/gcc/arm-none-eabi/10.3.1/../../../../arm-none-eabi/lib/thumb/v8-m.main+fp/hard\libg_nano.a(lib_a-errno.o)
                              ./ra/fsp/src/bsp/mcu/all/bsp_sbrk.o (__errno)
c:/program files (x86)/gnu arm embedded toolchain/10 2021.10/bin/../lib/gcc/arm-none-eabi/10.3.1/../../../../arm-none-eabi/lib/thumb/v8-m.main+fp/hard\libg_nano.a(lib_a-exit.o)
                              c:/program files (x86)/gnu arm embedded toolchain/10 2021.10/bin/../lib/gcc/arm-none-eabi/10.3.1/../../../../arm-none-eabi/lib/thumb/v8-m.main+fp/hard/rdimon-crt0.o (exit)
c:/program files (x86)/gnu arm embedded toolchain/10 2021.10/bin/../lib/gcc/arm-none-eabi/10.3.1/../../../../arm-none-eabi/lib/thumb/v8-m.main+fp/hard\libg_nano.a(lib_a-impure.o)
                              c:/program files (x86)/gnu arm embedded toolchain/10 2021.10/bin/../lib/gcc/arm-none-eabi/10.3.1/../../../../arm-none-eabi/lib/thumb/v8-m.main+fp/hard\libg_nano.a(lib_a-exit.o) (_global_impure_ptr)
c:/program files (x86)/gnu arm embedded toolchain/10 2021.10/bin/../lib/gcc/arm-none-eabi/10.3.1/../../../../arm-none-eabi/lib/thumb/v8-m.main+fp/hard\libg_nano.a(lib_a-init.o)
                              c:/program files (x86)/gnu arm embedded toolchain/10 2021.10/bin/../lib/gcc/arm-none-eabi/10.3.1/../../../../arm-none-eabi/lib/thumb/v8-m.main+fp/hard/rdimon-crt0.o (__libc_init_array)
c:/program files (x86)/gnu arm embedded toolchain/10 2021.10/bin/../lib/gcc/arm-none-eabi/10.3.1/../../../../arm-none-eabi/lib/thumb/v8-m.main+fp/hard\libg_nano.a(lib_a-memcmp.o)
                              ./src/libs/lwip/src/netif/ppp/ccp.o (memcmp)
c:/program files (x86)/gnu arm embedded toolchain/10 2021.10/bin/../lib/gcc/arm-none-eabi/10.3.1/../../../../arm-none-eabi/lib/thumb/v8-m.main+fp/hard\libg_nano.a(lib_a-memcpy-stub.o)
                              ./src/libs/lwip/src/netif/ppp/polarssl/md4.o (memcpy)
c:/program files (x86)/gnu arm embedded toolchain/10 2021.10/bin/../lib/gcc/arm-none-eabi/10.3.1/../../../../arm-none-eabi/lib/thumb/v8-m.main+fp/hard\libg_nano.a(lib_a-memmove.o)
                              ./src/libs/lwip/src/core/def.o (memmove)
c:/program files (x86)/gnu arm embedded toolchain/10 2021.10/bin/../lib/gcc/arm-none-eabi/10.3.1/../../../../arm-none-eabi/lib/thumb/v8-m.main+fp/hard\libg_nano.a(lib_a-memset.o)
                              c:/program files (x86)/gnu arm embedded toolchain/10 2021.10/bin/../lib/gcc/arm-none-eabi/10.3.1/../../../../arm-none-eabi/lib/thumb/v8-m.main+fp/hard/rdimon-crt0.o (memset)
c:/program files (x86)/gnu arm embedded toolchain/10 2021.10/bin/../lib/gcc/arm-none-eabi/10.3.1/../../../../arm-none-eabi/lib/thumb/v8-m.main+fp/hard\libg_nano.a(lib_a-perror.o)
                              ./src/idle_thread_entry.o (perror)
c:/program files (x86)/gnu arm embedded toolchain/10 2021.10/bin/../lib/gcc/arm-none-eabi/10.3.1/../../../../arm-none-eabi/lib/thumb/v8-m.main+fp/hard\libg_nano.a(lib_a-printf.o)
                              ./src/idle_thread_entry.o (printf)
c:/program files (x86)/gnu arm embedded toolchain/10 2021.10/bin/../lib/gcc/arm-none-eabi/10.3.1/../../../../arm-none-eabi/lib/thumb/v8-m.main+fp/hard\libg_nano.a(lib_a-snprintf.o)
                              ./src/libs/lwip/src/core/mem.o (snprintf)
c:/program files (x86)/gnu arm embedded toolchain/10 2021.10/bin/../lib/gcc/arm-none-eabi/10.3.1/../../../../arm-none-eabi/lib/thumb/v8-m.main+fp/hard\libg_nano.a(lib_a-sprintf.o)
[...]
Memory Configuration

Name             Origin             Length             Attributes
FLASH            0x00000000         0x00040000         xr
RAM              0x20000000         0x00020000         xrw
DATA_FLASH       0x08000000         0x00002000         xr
QSPI_FLASH       0x60000000         0x04000000         xr
OSPI_DEVICE_0    0x68000000         0x00000000         xr
OSPI_DEVICE_1    0x70000000         0x00000000         xr
OSPI_DEVICE_0_RAM 0x68000000         0x00000000         xrw
OSPI_DEVICE_1_RAM 0x70000000         0x00000000         xrw
SDRAM            0x90000000         0x00000000         xrw
OPTION_SETTING   0x0100a100         0x00000100         r
OPTION_SETTING_S 0x0100a200         0x00000100         r
ID_CODE          0x00000000         0x00000000         xr
*default*        0x00000000         0xffffffff

Linker script and memory map

LOAD c:/program files (x86)/gnu arm embedded toolchain/10 2021.10/bin/../lib/gcc/arm-none-eabi/10.3.1/thumb/v8-m.main+fp/hard/crti.o
LOAD c:/program files (x86)/gnu arm embedded toolchain/10 2021.10/bin/../lib/gcc/arm-none-eabi/10.3.1/thumb/v8-m.main+fp/hard/crtbegin.o
LOAD c:/program files (x86)/gnu arm embedded toolchain/10 2021.10/bin/../lib/gcc/arm-none-eabi/10.3.1/../../../../arm-none-eabi/lib/thumb/v8-m.main+fp/hard/rdimon-crt0.o
START GROUP
LOAD ./src/libs/lwip/src/netif/ppp/polarssl/arc4.o
LOAD ./src/libs/lwip/src/netif/ppp/polarssl/des.o
LOAD ./src/libs/lwip/src/netif/ppp/polarssl/md4.o
LOAD ./src/libs/lwip/src/netif/ppp/polarssl/md5.o
LOAD ./src/libs/lwip/src/netif/ppp/polarssl/sha1.o
LOAD ./src/libs/lwip/src/netif/ppp/auth.o
LOAD ./src/libs/lwip/src/netif/ppp/ccp.o
LOAD ./src/libs/lwip/src/netif/ppp/chap-md5.o
LOAD ./src/libs/lwip/src/netif/ppp/chap-new.o
LOAD ./src/libs/lwip/src/netif/ppp/chap_ms.o
LOAD ./src/libs/lwip/src/netif/ppp/demand.o
LOAD ./src/libs/lwip/src/netif/ppp/eap.o
LOAD ./src/libs/lwip/src/netif/ppp/ecp.o
LOAD ./src/libs/lwip/src/netif/ppp/eui64.o
LOAD ./src/libs/lwip/src/netif/ppp/fsm.o
LOAD ./src/libs/lwip/src/netif/ppp/ipcp.o
LOAD ./src/libs/lwip/src/netif/ppp/ipv6cp.o
LOAD ./src/libs/lwip/src/netif/ppp/lcp.o
LOAD ./src/libs/lwip/src/netif/ppp/magic.o
LOAD ./src/libs/lwip/src/netif/ppp/mppe.o
LOAD ./src/libs/lwip/src/netif/ppp/multilink.o
LOAD ./src/libs/lwip/src/netif/ppp/ppp.o
LOAD ./src/libs/lwip/src/netif/ppp/pppapi.o
LOAD ./src/libs/lwip/src/netif/ppp/pppcrypt.o
LOAD ./src/libs/lwip/src/netif/ppp/pppoe.o
LOAD ./src/libs/lwip/src/netif/ppp/pppol2tp.o
LOAD ./src/libs/lwip/src/netif/ppp/pppos.o
LOAD ./src/libs/lwip/src/netif/ppp/upap.o
LOAD ./src/libs/lwip/src/netif/ppp/utils.o
LOAD ./src/libs/lwip/src/netif/ppp/vj.o
LOAD ./src/libs/lwip/src/netif/bridgeif.o
LOAD ./src/libs/lwip/src/netif/bridgeif_fdb.o
LOAD ./src/libs/lwip/src/netif/ethernet.o
LOAD ./src/libs/lwip/src/netif/lowpan6.o
LOAD ./src/libs/lwip/src/netif/lowpan6_ble.o
LOAD ./src/libs/lwip/src/netif/lowpan6_common.o
LOAD ./src/libs/lwip/src/netif/slipif.o
LOAD ./src/libs/lwip/src/netif/zepif.o
LOAD ./src/libs/lwip/src/core/ipv6/dhcp6.o
LOAD ./src/libs/lwip/src/core/ipv6/ethip6.o
LOAD ./src/libs/lwip/src/core/ipv6/icmp6.o
LOAD ./src/libs/lwip/src/core/ipv6/inet6.o
LOAD ./src/libs/lwip/src/core/ipv6/ip6.o
LOAD ./src/libs/lwip/src/core/ipv6/ip6_addr.o
LOAD ./src/libs/lwip/src/core/ipv6/ip6_frag.o
LOAD ./src/libs/lwip/src/core/ipv6/mld6.o
LOAD ./src/libs/lwip/src/core/ipv6/nd6.o
LOAD ./src/libs/lwip/src/core/ipv4/autoip.o
LOAD ./src/libs/lwip/src/core/ipv4/dhcp.o
LOAD ./src/libs/lwip/src/core/ipv4/etharp.o
LOAD ./src/libs/lwip/src/core/ipv4/icmp.o
LOAD ./src/libs/lwip/src/core/ipv4/igmp.o
LOAD ./src/libs/lwip/src/core/ipv4/ip4.o
LOAD ./src/libs/lwip/src/core/ipv4/ip4_addr.o
LOAD ./src/libs/lwip/src/core/ipv4/ip4_frag.o
LOAD ./src/libs/lwip/src/core/altcp.o
LOAD ./src/libs/lwip/src/core/altcp_alloc.o
LOAD ./src/libs/lwip/src/core/altcp_tcp.o
LOAD ./src/libs/lwip/src/core/def.o
LOAD ./src/libs/lwip/src/core/dns.o
LOAD ./src/libs/lwip/src/core/inet_chksum.o
LOAD ./src/libs/lwip/src/core/init.o
LOAD ./src/libs/lwip/src/core/ip.o
LOAD ./src/libs/lwip/src/core/mem.o
LOAD ./src/libs/lwip/src/core/memp.o
LOAD ./src/libs/lwip/src/core/netif.o
LOAD ./src/libs/lwip/src/core/pbuf.o
LOAD ./src/libs/lwip/src/core/raw.o
LOAD ./src/libs/lwip/src/core/stats.o
LOAD ./src/libs/lwip/src/core/sys.o
LOAD ./src/libs/lwip/src/core/tcp.o
LOAD ./src/libs/lwip/src/core/tcp_in.o
LOAD ./src/libs/lwip/src/core/tcp_out.o
LOAD ./src/libs/lwip/src/core/timeouts.o
LOAD ./src/libs/lwip/src/core/udp.o
LOAD ./src/libs/lwip/src/api/api_lib.o
LOAD ./src/libs/lwip/src/api/api_msg.o
LOAD ./src/libs/lwip/src/api/err.o
LOAD ./src/libs/lwip/src/api/if_api.o
LOAD ./src/libs/lwip/src/api/netbuf.o
LOAD ./src/libs/lwip/src/api/netdb.o
LOAD ./src/libs/lwip/src/api/netifapi.o
LOAD ./src/libs/lwip/src/api/sockets.o
LOAD ./src/libs/lwip/src/api/tcpip.o
LOAD ./src/libs/freertos/sys_arch.o
LOAD ./src/hal_entry.o
LOAD ./src/idle_thread_entry.o
LOAD ./ra_gen/common_data.o
LOAD ./ra_gen/hal_data.o
LOAD ./ra_gen/idle_thread.o
LOAD ./ra_gen/main.o
LOAD ./ra_gen/pin_data.o
LOAD ./ra_gen/vector_data.o
LOAD ./ra/fsp/src/rm_freertos_port/port.o
LOAD ./ra/fsp/src/r_sci_uart/r_sci_uart.o
LOAD ./ra/fsp/src/r_ioport/r_ioport.o
LOAD ./ra/fsp/src/bsp/mcu/all/bsp_clocks.o
LOAD ./ra/fsp/src/bsp/mcu/all/bsp_common.o
LOAD ./ra/fsp/src/bsp/mcu/all/bsp_delay.o
LOAD ./ra/fsp/src/bsp/mcu/all/bsp_group_irq.o
LOAD ./ra/fsp/src/bsp/mcu/all/bsp_guard.o
LOAD ./ra/fsp/src/bsp/mcu/all/bsp_io.o
LOAD ./ra/fsp/src/bsp/mcu/all/bsp_irq.o
LOAD ./ra/fsp/src/bsp/mcu/all/bsp_register_protection.o
LOAD ./ra/fsp/src/bsp/mcu/all/bsp_rom_registers.o
LOAD ./ra/fsp/src/bsp/mcu/all/bsp_sbrk.o
LOAD ./ra/fsp/src/bsp/mcu/all/bsp_security.o
LOAD ./ra/fsp/src/bsp/cmsis/Device/RENESAS/Source/startup.o
LOAD ./ra/fsp/src/bsp/cmsis/Device/RENESAS/Source/system.o
LOAD ./ra/aws/amazon-freertos/freertos_kernel/portable/MemMang/heap_4.o
LOAD ./ra/aws/amazon-freertos/freertos_kernel/event_groups.o
LOAD ./ra/aws/amazon-freertos/freertos_kernel/list.o
LOAD ./ra/aws/amazon-freertos/freertos_kernel/queue.o
LOAD ./ra/aws/amazon-freertos/freertos_kernel/stream_buffer.o
LOAD ./ra/aws/amazon-freertos/freertos_kernel/tasks.o
LOAD ./ra/aws/amazon-freertos/freertos_kernel/timers.o
END GROUP
START GROUP
LOAD c:/program files (x86)/gnu arm embedded toolchain/10 2021.10/bin/../lib/gcc/arm-none-eabi/10.3.1/thumb/v8-m.main+fp/hard\libgcc.a
LOAD c:/program files (x86)/gnu arm embedded toolchain/10 2021.10/bin/../lib/gcc/arm-none-eabi/10.3.1/../../../../arm-none-eabi/lib/thumb/v8-m.main+fp/hard\libg_nano.a
LOAD c:/program files (x86)/gnu arm embedded toolchain/10 2021.10/bin/../lib/gcc/arm-none-eabi/10.3.1/../../../../arm-none-eabi/lib/thumb/v8-m.main+fp/hard\libc_nano.a
END GROUP
START GROUP
LOAD c:/program files (x86)/gnu arm embedded toolchain/10 2021.10/bin/../lib/gcc/arm-none-eabi/10.3.1/thumb/v8-m.main+fp/hard\libgcc.a
LOAD c:/program files (x86)/gnu arm embedded toolchain/10 2021.10/bin/../lib/gcc/arm-none-eabi/10.3.1/../../../../arm-none-eabi/lib/thumb/v8-m.main+fp/hard\libc_nano.a
LOAD c:/program files (x86)/gnu arm embedded toolchain/10 2021.10/bin/../lib/gcc/arm-none-eabi/10.3.1/../../../../arm-none-eabi/lib/thumb/v8-m.main+fp/hard\librdimon_nano.a
END GROUP
START GROUP
LOAD c:/program files (x86)/gnu arm embedded toolchain/10 2021.10/bin/../lib/gcc/arm-none-eabi/10.3.1/thumb/v8-m.main+fp/hard\libgcc.a
LOAD c:/program files (x86)/gnu arm embedded toolchain/10 2021.10/bin/../lib/gcc/arm-none-eabi/10.3.1/../../../../arm-none-eabi/lib/thumb/v8-m.main+fp/hard\libc_nano.a
LOAD c:/program files (x86)/gnu arm embedded toolchain/10 2021.10/bin/../lib/gcc/arm-none-eabi/10.3.1/../../../../arm-none-eabi/lib/thumb/v8-m.main+fp/hard\librdimon_nano.a
END GROUP
LOAD c:/program files (x86)/gnu arm embedded toolchain/10 2021.10/bin/../lib/gcc/arm-none-eabi/10.3.1/thumb/v8-m.main+fp/hard/crtend.o
LOAD c:/program files (x86)/gnu arm embedded toolchain/10 2021.10/bin/../lib/gcc/arm-none-eabi/10.3.1/thumb/v8-m.main+fp/hard/crtn.o
                0x20000000                RAM_START = 0x20000000
                0x00020000                RAM_LENGTH = 0x20000
                0x00000000                FLASH_START = 0x0
                0x00040000                FLASH_LENGTH = 0x40000
                0x08000000                DATA_FLASH_START = 0x8000000
                0x00002000                DATA_FLASH_LENGTH = 0x2000
                0x0100a100                OPTION_SETTING_START = 0x100a100
                0x00000100                OPTION_SETTING_LENGTH = 0x100
                0x0100a200                OPTION_SETTING_S_START = 0x100a200
                0x00000100                OPTION_SETTING_S_LENGTH = 0x100
                0x00000000                ID_CODE_START = 0x0
                0x00000000                ID_CODE_LENGTH = 0x0
                0x90000000                SDRAM_START = 0x90000000
                0x00000000                SDRAM_LENGTH = 0x0
                0x60000000                QSPI_FLASH_START = 0x60000000
                0x04000000                QSPI_FLASH_LENGTH = 0x4000000
                0x68000000                OSPI_DEVICE_0_START = 0x68000000
                0x00000000                OSPI_DEVICE_0_LENGTH = 0x0
                0x70000000                OSPI_DEVICE_1_START = 0x70000000
                0x00000000                OSPI_DEVICE_1_LENGTH = 0x0
                0x04000000                QSPI_FLASH_PRV_LENGTH = DEFINED (QSPI_FLASH_SIZE)?ABSOLUTE (QSPI_FLASH_SIZE):ABSOLUTE (QSPI_FLASH_LENGTH)
                0x00000000                OSPI_DEVICE_0_PRV_LENGTH = DEFINED (OSPI_DEVICE_0_SIZE)?ABSOLUTE (OSPI_DEVICE_0_SIZE):ABSOLUTE (OSPI_DEVICE_0_LENGTH)
                0x00000000                OSPI_DEVICE_1_PRV_LENGTH = DEFINED (OSPI_DEVICE_1_SIZE)?ABSOLUTE (OSPI_DEVICE_1_SIZE):ABSOLUTE (OSPI_DEVICE_1_LENGTH)
                0x00000000                __RESERVE_NS_RAM = ((! (DEFINED (PROJECT_NONSECURE)) && DEFINED (RAM_NS_BUFFER_LENGTH)) && (OPTION_SETTING_S_LENGTH != 0x0))
                0x00000000                RAM_NS_BUFFER_BLOCK_LENGTH = DEFINED (RAM_NS_BUFFER_LENGTH)?ALIGN (RAM_NS_BUFFER_LENGTH, 0x2000):0x0
                0x00000000                RAM_NS_BUFFER_LENGTH = DEFINED (RAM_NS_BUFFER_LENGTH)?RAM_NS_BUFFER_LENGTH:0x0
                0x20020000                RAM_NS_BUFFER_START = ((RAM_START + RAM_LENGTH) - RAM_NS_BUFFER_LENGTH)
                0x20020000                RAM_NS_BUFFER_BLOCK_START = ((RAM_START + RAM_LENGTH) - RAM_NS_BUFFER_BLOCK_LENGTH)
                0x0100a180                OPTION_SETTING_START_NS = 0x100a180
                0x00000001                __bl_FSP_BOOTABLE_IMAGE = 0x1
                0x00000001                __bln_FSP_BOOTABLE_IMAGE = 0x1
                0x00000001                PROJECT_SECURE_OR_FLAT = ((! (DEFINED (PROJECT_NONSECURE)) && OPTION_SETTING_LENGTH) && ! (DEFINED (FSP_BOOTABLE_IMAGE)))
                0x00000000                USE_OPTION_SETTING_NS = (DEFINED (PROJECT_NONSECURE) && ! (DEFINED (FSP_BOOTABLE_IMAGE)))
                0x00000000                __bl_FLASH_IMAGE_START = ! (DEFINED (FLASH_BOOTLOADER_LENGTH))?0x0:(FLASH_APPLICATION_IMAGE_NUMBER == 0x1)?(FLASH_BOOTLOADER_LENGTH + FLASH_BOOTLOADER_HEADER_LENGTH):(((FLASH_BOOTLOADER_LENGTH + FLASH_BOOTLOADER_SCRATCH_LENGTH) + FLASH_APPLICATION_S_LENGTH) + FLASH_BOOTLOADER_HEADER_LENGTH)
                0x00000000                __bl_FLASH_IMAGE_LENGTH = ! (DEFINED (FLASH_BOOTLOADER_LENGTH))?0x0:(FLASH_APPLICATION_S_LENGTH - FLASH_BOOTLOADER_HEADER_LENGTH)
                0x00000000                __bl_FLASH_IMAGE_END = (__bl_FLASH_IMAGE_START + __bl_FLASH_IMAGE_LENGTH)
                0x00000000                __bl_XIP_SECONDARY_FLASH_IMAGE_START = ! (DEFINED (FLASH_BOOTLOADER_LENGTH))?0x0:((FLASH_BOOTLOADER_LENGTH + FLASH_APPLICATION_S_LENGTH) + FLASH_BOOTLOADER_HEADER_LENGTH)
                0x00000000                __bl_XIP_SECONDARY_FLASH_IMAGE_END = (__bl_XIP_SECONDARY_FLASH_IMAGE_START + __bl_FLASH_IMAGE_LENGTH)
                0x00000000                __bl_FLASH_NS_START = ! (DEFINED (FLASH_BOOTLOADER_LENGTH))?0x0:(FLASH_APPLICATION_NS_LENGTH == 0x0)?__bl_FLASH_IMAGE_END:((__bl_FLASH_IMAGE_START - FLASH_BOOTLOADER_HEADER_LENGTH) + FLASH_APPLICATION_S_LENGTH)
                0x00000000                __bl_FLASH_NSC_START = ! (DEFINED (FLASH_BOOTLOADER_LENGTH))?0x0:(FLASH_APPLICATION_NS_LENGTH == 0x0)?__bl_FLASH_IMAGE_END:(__bl_FLASH_NS_START - FLASH_APPLICATION_NSC_LENGTH)
                0x00000000                __bl_RAM_NS_START = ! (DEFINED (FLASH_BOOTLOADER_LENGTH))?0x0:(FLASH_APPLICATION_NS_LENGTH == 0x0)?(RAM_START + RAM_LENGTH):((RAM_START + RAM_LENGTH) - RAM_APPLICATION_NS_LENGTH)
                0x00000000                __bl_RAM_NSC_START = ! (DEFINED (FLASH_BOOTLOADER_LENGTH))?0x0:(FLASH_APPLICATION_NS_LENGTH == 0x0)?(RAM_START + RAM_LENGTH):(__bl_RAM_NS_START - RAM_APPLICATION_NSC_LENGTH)
                0x00000000                __bl_FLASH_NS_IMAGE_START = ! (DEFINED (FLASH_BOOTLOADER_LENGTH))?0x0:(FLASH_APPLICATION_NS_LENGTH == 0x0)?__bl_FLASH_IMAGE_END:(__bl_FLASH_NS_START + FLASH_BOOTLOADER_HEADER_LENGTH_2)
                0x00000000                __bln_FLASH_IMAGE_START = __bl_FLASH_NS_IMAGE_START
                0x00000000                __bln_FLASH_IMAGE_LENGTH = ! (DEFINED (FLASH_BOOTLOADER_LENGTH))?0x0:(FLASH_APPLICATION_NS_LENGTH == 0x0)?__bl_FLASH_IMAGE_END:(FLASH_APPLICATION_NS_LENGTH - FLASH_BOOTLOADER_HEADER_LENGTH_2)
                0x00000000                XIP_SECONDARY_SLOT_IMAGE = DEFINED (XIP_SECONDARY_SLOT_IMAGE)?XIP_SECONDARY_SLOT_IMAGE:0x0
                0x00000000                FLASH_ORIGIN = ! (DEFINED (FLASH_IMAGE_START))?FLASH_START:(XIP_SECONDARY_SLOT_IMAGE == 0x1)?XIP_SECONDARY_FLASH_IMAGE_START:FLASH_IMAGE_START
                0x00040000                LIMITED_FLASH_LENGTH = DEFINED (FLASH_IMAGE_LENGTH)?FLASH_IMAGE_LENGTH:DEFINED (FLASH_BOOTLOADER_LENGTH)?FLASH_BOOTLOADER_LENGTH:FLASH_LENGTH
START GROUP
LOAD c:/program files (x86)/gnu arm embedded toolchain/10 2021.10/bin/../lib/gcc/arm-none-eabi/10.3.1/thumb/v8-m.main+fp/hard\libgcc.a
LOAD c:/program files (x86)/gnu arm embedded toolchain/10 2021.10/bin/../lib/gcc/arm-none-eabi/10.3.1/../../../../arm-none-eabi/lib/thumb/v8-m.main+fp/hard\libc.a
LOAD c:/program files (x86)/gnu arm embedded toolchain/10 2021.10/bin/../lib/gcc/arm-none-eabi/10.3.1/../../../../arm-none-eabi/lib/thumb/v8-m.main+fp/hard\libm.a
LOAD c:/program files (x86)/gnu arm embedded toolchain/10 2021.10/bin/../lib/gcc/arm-none-eabi/10.3.1/../../../../arm-none-eabi/lib/thumb/v8-m.main+fp/hard\libnosys.a
END GROUP

.text           0x00000000     0x592c
                0x00000000                __tz_FLASH_S = ABSOLUTE (FLASH_START)
                0x00000000                __ROM_Start = .
 *(.fixed_vectors*)
 .fixed_vectors
                0x00000000       0x40 ./ra/fsp/src/bsp/cmsis/Device/RENESAS/Source/startup.o
                0x00000000                __Vectors
 *(.application_vectors*)
 .application_vectors
                0x00000040      0x180 ./ra_gen/vector_data.o
                0x00000040                g_vector_table
                0x000001c0                __Vectors_End = .
                0x000001c0                . = (OPTION_SETTING_LENGTH > 0x0)?.:(__ROM_Start + 0x400)
 *(.rom_registers*)
                0x000001c0                . = (OPTION_SETTING_LENGTH > 0x0)?.:(__ROM_Start + 0x500)
                0x00000200                . = ALIGN (0x80)
 *fill*         0x000001c0       0x40 ff
 *(.mcuboot_sce9_key*)
 *(.text*)
 .text          0x00000200       0x40 c:/program files (x86)/gnu arm embedded toolchain/10 2021.10/bin/../lib/gcc/arm-none-eabi/10.3.1/thumb/v8-m.main+fp/hard/crtbegin.o
 .text.R_BSP_WarmStart
                0x00000240       0x18 ./src/hal_entry.o
                0x00000240                R_BSP_WarmStart
 .text.idle_thread_entry
                0x00000258       0x14 ./src/idle_thread_entry.o
                0x00000258                idle_thread_entry
 .text.vApplicationStackOverflowHook
                0x0000026c       0x38 ./src/idle_thread_entry.o
                0x0000026c                vApplicationStackOverflowHook
 .text.g_common_init
                0x000002a4        0x4 ./ra_gen/common_data.o
                0x000002a4                g_common_init
 .text.g_hal_init
                0x000002a8        0x4 ./ra_gen/hal_data.o
                0x000002a8                g_hal_init
 .text.idle_thread_func
                0x000002ac       0x18 ./ra_gen/idle_thread.o
 .text.idle_thread_create
                0x000002c4       0x4c ./ra_gen/idle_thread.o
                0x000002c4                idle_thread_create
 .text.rtos_startup_err_callback_internal
                0x00000310        0x4 ./ra_gen/main.o
                0x00000310                rtos_startup_err_callback
                0x00000310                rtos_startup_err_callback_internal
 .text.rtos_startup_common_init
                0x00000314       0x68 ./ra_gen/main.o
                0x00000314                rtos_startup_common_init
 .text.startup.main
                0x0000037c       0x44 ./ra_gen/main.o
                0x0000037c                main
 .text.vApplicationGetIdleTaskMemory
                0x000003c0       0x1c ./ra_gen/main.o
                0x000003c0                vApplicationGetIdleTaskMemory
 .text.vApplicationGetTimerTaskMemory
                0x000003dc       0x1c ./ra_gen/main.o
                0x000003dc                vApplicationGetTimerTaskMemory
 .text.prvTaskExitError
                0x000003f8        0x4 ./ra/fsp/src/rm_freertos_port/port.o
 .text.SVC_Handler
                0x000003fc       0x18 ./ra/fsp/src/rm_freertos_port/port.o
                0x000003fc                SVC_Handler
 .text.PendSV_Handler
                0x00000414       0x44 ./ra/fsp/src/rm_freertos_port/port.o
                0x00000414                PendSV_Handler
 .text.rm_freertos_port_restore_task_stackless
                0x00000458       0x24 ./ra/fsp/src/rm_freertos_port/port.o
                0x00000458                rm_freertos_port_restore_task_stackless
 .text.SysTick_Handler
                0x0000047c       0x24 ./ra/fsp/src/rm_freertos_port/port.o
                0x0000047c                SysTick_Handler
 .text.vPortSVCHandler_C
                0x000004a0       0x34 ./ra/fsp/src/rm_freertos_port/port.o
                0x000004a0                vPortSVCHandler_C
 .text.pxPortInitialiseStack
                0x000004d4       0x38 ./ra/fsp/src/rm_freertos_port/port.o
                0x000004d4                pxPortInitialiseStack
 .text.vPortEnterCritical
                0x0000050c       0x50 ./ra/fsp/src/rm_freertos_port/port.o
                0x0000050c                vPortEnterCritical
 .text.vPortExitCritical
                0x0000055c       0x3c ./ra/fsp/src/rm_freertos_port/port.o
                0x0000055c                vPortExitCritical
 .text.rm_freertos_port_sleep_preserving_lpm
                0x00000598       0x6c ./ra/fsp/src/rm_freertos_port/port.o
                0x00000598                rm_freertos_port_sleep_preserving_lpm
 .text.vApplicationIdleHook
                0x00000604       0x18 ./ra/fsp/src/rm_freertos_port/port.o
                0x00000604                vApplicationIdleHook
 .text.vPortSetupTimerInterrupt
                0x0000061c       0x44 ./ra/fsp/src/rm_freertos_port/port.o
                0x0000061c                vPortSetupTimerInterrupt
 .text.xPortStartScheduler
                0x00000660       0x3c ./ra/fsp/src/rm_freertos_port/port.o
                0x00000660                xPortStartScheduler
 .text.vPortValidateInterruptPriority
                0x0000069c       0x1c ./ra/fsp/src/rm_freertos_port/port.o
                0x0000069c                vPortValidateInterruptPriority
 .text.r_sci_uart_call_callback
                0x000006b8       0x44 ./ra/fsp/src/r_sci_uart/r_sci_uart.o
 .text.sci_uart_txi_isr
                0x000006fc       0x8c ./ra/fsp/src/r_sci_uart/r_sci_uart.o
                0x000006fc                sci_uart_txi_isr
 .text.sci_uart_rxi_isr
                0x00000788       0x8c ./ra/fsp/src/r_sci_uart/r_sci_uart.o
                0x00000788                sci_uart_rxi_isr
 .text.sci_uart_tei_isr
                0x00000814       0x40 ./ra/fsp/src/r_sci_uart/r_sci_uart.o
                0x00000814                sci_uart_tei_isr
 .text.sci_uart_eri_isr
                0x00000854       0x74 ./ra/fsp/src/r_sci_uart/r_sci_uart.o
                0x00000854                sci_uart_eri_isr
 .text.R_IOPORT_Close
                0x000008c8        0xc ./ra/fsp/src/r_ioport/r_ioport.o
                0x000008c8                R_IOPORT_Close
 .text.R_IOPORT_PinRead
                0x000008d4       0x24 ./ra/fsp/src/r_ioport/r_ioport.o
                0x000008d4                R_IOPORT_PinRead
 .text.R_IOPORT_PortRead
                0x000008f8       0x14 ./ra/fsp/src/r_ioport/r_ioport.o
                0x000008f8                R_IOPORT_PortRead
 .text.R_IOPORT_PortWrite
                0x0000090c       0x1c ./ra/fsp/src/r_ioport/r_ioport.o
                0x0000090c                R_IOPORT_PortWrite
 .text.R_IOPORT_PinWrite
                0x00000928       0x20 ./ra/fsp/src/r_ioport/r_ioport.o
                0x00000928                R_IOPORT_PinWrite
 .text.R_IOPORT_PortDirectionSet
                0x00000948       0x2c ./ra/fsp/src/r_ioport/r_ioport.o
                0x00000948                R_IOPORT_PortDirectionSet
 .text.R_IOPORT_PortEventInputRead
                0x00000974       0x18 ./ra/fsp/src/r_ioport/r_ioport.o
                0x00000974                R_IOPORT_PortEventInputRead
 .text.R_IOPORT_PinEventInputRead
                0x0000098c       0x38 ./ra/fsp/src/r_ioport/r_ioport.o
                0x0000098c                R_IOPORT_PinEventInputRead
 .text.R_IOPORT_PortEventOutputWrite
                0x000009c4       0x1c ./ra/fsp/src/r_ioport/r_ioport.o
                0x000009c4                R_IOPORT_PortEventOutputWrite
 .text.R_IOPORT_EthernetModeCfg
                0x000009e0        0x4 ./ra/fsp/src/r_ioport/r_ioport.o
                0x000009e0                R_IOPORT_EthernetModeCfg
 .text.R_IOPORT_PinEventOutputWrite
                0x000009e4       0x4c ./ra/fsp/src/r_ioport/r_ioport.o
                0x000009e4                R_IOPORT_PinEventOutputWrite
 .text.bsp_vbatt_init
                0x00000a30       0xac ./ra/fsp/src/r_ioport/r_ioport.o
 .text.r_ioport_pins_config
                0x00000adc       0xc0 ./ra/fsp/src/r_ioport/r_ioport.o
 .text.R_IOPORT_Open
                0x00000b9c       0x14 ./ra/fsp/src/r_ioport/r_ioport.o
                0x00000b9c                R_IOPORT_Open
 .text.R_IOPORT_PinsCfg
                0x00000bb0        0xc ./ra/fsp/src/r_ioport/r_ioport.o
                0x00000bb0                R_IOPORT_PinsCfg
 .text.R_IOPORT_PinCfg
                0x00000bbc       0xa8 ./ra/fsp/src/r_ioport/r_ioport.o
                0x00000bbc                R_IOPORT_PinCfg
 .text.SystemCoreClockUpdate
                0x00000c64       0x28 ./ra/fsp/src/bsp/mcu/all/bsp_clocks.o
                0x00000c64                SystemCoreClockUpdate
 .text.bsp_clock_init
                0x00000c8c      0x118 ./ra/fsp/src/bsp/mcu/all/bsp_clocks.o
                0x00000c8c                bsp_clock_init
 .text.bsp_init_internal
                0x00000da4        0x4 ./ra/fsp/src/bsp/mcu/all/bsp_common.o
                0x00000da4                bsp_init_internal
                0x00000da4                bsp_init
 .text.__assert_func
                0x00000da8        0x4 ./ra/fsp/src/bsp/mcu/all/bsp_common.o
                0x00000da8                __assert_func
 .text.bsp_prv_software_delay_loop
                0x00000dac        0xc ./ra/fsp/src/bsp/mcu/all/bsp_delay.o
                0x00000dac                bsp_prv_software_delay_loop
 .text.R_BSP_SoftwareDelay
                0x00000db8       0x68 ./ra/fsp/src/bsp/mcu/all/bsp_delay.o
                0x00000db8                R_BSP_SoftwareDelay
 .text.NMI_Handler
                0x00000e20       0x38 ./ra/fsp/src/bsp/mcu/all/bsp_group_irq.o
                0x00000e20                NMI_Handler
 .text.bsp_irq_cfg
                0x00000e58       0xa0 ./ra/fsp/src/bsp/mcu/all/bsp_irq.o
                0x00000e58                bsp_irq_cfg
 .text.R_BSP_RegisterProtectEnable
                0x00000ef8       0x60 ./ra/fsp/src/bsp/mcu/all/bsp_register_protection.o
                0x00000ef8                R_BSP_RegisterProtectEnable
 .text.R_BSP_RegisterProtectDisable
                0x00000f58       0x54 ./ra/fsp/src/bsp/mcu/all/bsp_register_protection.o
                0x00000f58                R_BSP_RegisterProtectDisable
 .text._sbrk    0x00000fac       0x44 ./ra/fsp/src/bsp/mcu/all/bsp_sbrk.o
                0x00000fac                _sbrk
 .text.Default_Handler
                0x00000ff0        0x4 ./ra/fsp/src/bsp/cmsis/Device/RENESAS/Source/startup.o
                0x00000ff0                HardFault_Handler
                0x00000ff0                UsageFault_Handler
                0x00000ff0                SecureFault_Handler
                0x00000ff0                Default_Handler
                0x00000ff0                MemManage_Handler
                0x00000ff0                BusFault_Handler
                0x00000ff0                DebugMon_Handler
 .text.Reset_Handler
                0x00000ff4        0xc ./ra/fsp/src/bsp/cmsis/Device/RENESAS/Source/startup.o
                0x00000ff4                Reset_Handler
 .text.SystemInit
                0x00001000       0xc0 ./ra/fsp/src/bsp/cmsis/Device/RENESAS/Source/system.o
                0x00001000                SystemInit
 .text.prvInsertBlockIntoFreeList
                0x000010c0       0x64 ./ra/aws/amazon-freertos/freertos_kernel/portable/MemMang/heap_4.o
 .text.pvPortMalloc
                0x00001124      0x148 ./ra/aws/amazon-freertos/freertos_kernel/portable/MemMang/heap_4.o
                0x00001124                pvPortMalloc
 .text.vPortFree
                0x0000126c       0x84 ./ra/aws/amazon-freertos/freertos_kernel/portable/MemMang/heap_4.o
                0x0000126c                vPortFree
 .text.vListInitialise
                0x000012f0       0x18 ./ra/aws/amazon-freertos/freertos_kernel/list.o
                0x000012f0                vListInitialise
 .text.vListInitialiseItem
                0x00001308        0x8 ./ra/aws/amazon-freertos/freertos_kernel/list.o
                0x00001308                vListInitialiseItem
 .text.vListInsertEnd
                0x00001310       0x20 ./ra/aws/amazon-freertos/freertos_kernel/list.o
                0x00001310                vListInsertEnd
 .text.vListInsert
                0x00001330       0x30 ./ra/aws/amazon-freertos/freertos_kernel/list.o
                0x00001330                vListInsert
 .text.uxListRemove
                0x00001360       0x28 ./ra/aws/amazon-freertos/freertos_kernel/list.o
                0x00001360                uxListRemove
 .text.prvCopyDataToQueue
                0x00001388       0x70 ./ra/aws/amazon-freertos/freertos_kernel/queue.o
 .text.prvUnlockQueue
                0x000013f8       0x8c ./ra/aws/amazon-freertos/freertos_kernel/queue.o
 .text.xQueueGenericReset
                0x00001484       0x9c ./ra/aws/amazon-freertos/freertos_kernel/queue.o
                0x00001484                xQueueGenericReset
 .text.xQueueGenericCreateStatic
                0x00001520       0xb4 ./ra/aws/amazon-freertos/freertos_kernel/queue.o
                0x00001520                xQueueGenericCreateStatic
 .text.xQueueCreateCountingSemaphoreStatic
                0x000015d4       0x8c ./ra/aws/amazon-freertos/freertos_kernel/queue.o
                0x000015d4                xQueueCreateCountingSemaphoreStatic
 .text.xQueueGenericSend
                0x00001660      0x198 ./ra/aws/amazon-freertos/freertos_kernel/queue.o
                0x00001660                xQueueGenericSend
 .text.xQueueGenericSendFromISR
                0x000017f8       0xe8 ./ra/aws/amazon-freertos/freertos_kernel/queue.o
                0x000017f8                xQueueGenericSendFromISR
 .text.xQueueReceive
                0x000018e0      0x184 ./ra/aws/amazon-freertos/freertos_kernel/queue.o
                0x000018e0                xQueueReceive
 .text.xQueueSemaphoreTake
                0x00001a64      0x1d4 ./ra/aws/amazon-freertos/freertos_kernel/queue.o
                0x00001a64                xQueueSemaphoreTake
 .text.vQueueAddToRegistry
                0x00001c38       0x2c ./ra/aws/amazon-freertos/freertos_kernel/queue.o
                0x00001c38                vQueueAddToRegistry
 .text.vQueueWaitForMessageRestricted
                0x00001c64       0x50 ./ra/aws/amazon-freertos/freertos_kernel/queue.o
                0x00001c64                vQueueWaitForMessageRestricted
 .text.prvAddNewTaskToReadyList
                0x00001cb4      0x110 ./ra/aws/amazon-freertos/freertos_kernel/tasks.o
 .text.prvAddCurrentTaskToDelayedList
                0x00001dc4       0x74 ./ra/aws/amazon-freertos/freertos_kernel/tasks.o
 .text.vTaskSwitchContext.part.0
                0x00001e38       0x98 ./ra/aws/amazon-freertos/freertos_kernel/tasks.o
 .text.prvInitialiseNewTask.constprop.0
                0x00001ed0       0x9c ./ra/aws/amazon-freertos/freertos_kernel/tasks.o
 .text.prvIdleTask
                0x00001f6c       0xa8 ./ra/aws/amazon-freertos/freertos_kernel/tasks.o
 .text.xTaskIncrementTick.part.0
                0x00002014      0x12c ./ra/aws/amazon-freertos/freertos_kernel/tasks.o
 .text.xTaskCreateStatic
                0x00002140       0x78 ./ra/aws/amazon-freertos/freertos_kernel/tasks.o
                0x00002140                xTaskCreateStatic
 .text.xTaskCreate
                0x000021b8       0x64 ./ra/aws/amazon-freertos/freertos_kernel/tasks.o
                0x000021b8                xTaskCreate
 .text.vTaskDelete
                0x0000221c      0x118 ./ra/aws/amazon-freertos/freertos_kernel/tasks.o
                0x0000221c                vTaskDelete
 .text.vTaskStartScheduler
                0x00002334       0x8c ./ra/aws/amazon-freertos/freertos_kernel/tasks.o
                0x00002334                vTaskStartScheduler
 .text.vTaskSuspendAll
                0x000023c0       0x10 ./ra/aws/amazon-freertos/freertos_kernel/tasks.o
                0x000023c0                vTaskSuspendAll
 .text.xTaskResumeAll
                0x000023d0      0x144 ./ra/aws/amazon-freertos/freertos_kernel/tasks.o
                0x000023d0                xTaskResumeAll
 .text.vTaskDelay
                0x00002514       0x50 ./ra/aws/amazon-freertos/freertos_kernel/tasks.o
                0x00002514                vTaskDelay
 .text.xTaskGetTickCount
                0x00002564        0xc ./ra/aws/amazon-freertos/freertos_kernel/tasks.o
                0x00002564                xTaskGetTickCount
 .text.xTaskIncrementTick
                0x00002570       0x20 ./ra/aws/amazon-freertos/freertos_kernel/tasks.o
                0x00002570                xTaskIncrementTick
 .text.vTaskSwitchContext
                0x00002590       0x1c ./ra/aws/amazon-freertos/freertos_kernel/tasks.o
                0x00002590                vTaskSwitchContext
 .text.vTaskPlaceOnEventList
                0x000025ac       0x3c ./ra/aws/amazon-freertos/freertos_kernel/tasks.o
                0x000025ac                vTaskPlaceOnEventList
 .text.vTaskPlaceOnEventListRestricted
                0x000025e8       0x48 ./ra/aws/amazon-freertos/freertos_kernel/tasks.o
                0x000025e8                vTaskPlaceOnEventListRestricted
 .text.xTaskRemoveFromEventList
                0x00002630       0x9c ./ra/aws/amazon-freertos/freertos_kernel/tasks.o
                0x00002630                xTaskRemoveFromEventList
 .text.vTaskInternalSetTimeOutState
                0x000026cc       0x18 ./ra/aws/amazon-freertos/freertos_kernel/tasks.o
                0x000026cc                vTaskInternalSetTimeOutState
 .text.xTaskCheckForTimeOut
                0x000026e4       0x94 ./ra/aws/amazon-freertos/freertos_kernel/tasks.o
                0x000026e4                xTaskCheckForTimeOut
 .text.vTaskMissedYield
                0x00002778        0xc ./ra/aws/amazon-freertos/freertos_kernel/tasks.o
                0x00002778                vTaskMissedYield
 .text.xTaskGetSchedulerState
                0x00002784       0x20 ./ra/aws/amazon-freertos/freertos_kernel/tasks.o
                0x00002784                xTaskGetSchedulerState
 .text.xTaskPriorityInherit
                0x000027a4       0x8c ./ra/aws/amazon-freertos/freertos_kernel/tasks.o
                0x000027a4                xTaskPriorityInherit
 .text.xTaskPriorityDisinherit
                0x00002830       0x98 ./ra/aws/amazon-freertos/freertos_kernel/tasks.o
                0x00002830                xTaskPriorityDisinherit
 .text.vTaskPriorityDisinheritAfterTimeout
                0x000028c8       0xb0 ./ra/aws/amazon-freertos/freertos_kernel/tasks.o
                0x000028c8                vTaskPriorityDisinheritAfterTimeout
 .text.pvTaskIncrementMutexHeldCount
                0x00002978       0x18 ./ra/aws/amazon-freertos/freertos_kernel/tasks.o
                0x00002978                pvTaskIncrementMutexHeldCount
 .text.prvCheckForValidListAndQueue
                0x00002990       0x6c ./ra/aws/amazon-freertos/freertos_kernel/timers.o
 .text.xTimerCreateTimerTask
                0x000029fc       0x6c ./ra/aws/amazon-freertos/freertos_kernel/timers.o
                0x000029fc                xTimerCreateTimerTask
 .text.xTimerGenericCommand
                0x00002a68       0x74 ./ra/aws/amazon-freertos/freertos_kernel/timers.o
                0x00002a68                xTimerGenericCommand
 .text.prvSwitchTimerLists
                0x00002adc       0x8c ./ra/aws/amazon-freertos/freertos_kernel/timers.o
 .text.prvTimerTask
                0x00002b68      0x254 ./ra/aws/amazon-freertos/freertos_kernel/timers.o
 .text.__errno  0x00002dbc        0xc c:/program files (x86)/gnu arm embedded toolchain/10 2021.10/bin/../lib/gcc/arm-none-eabi/10.3.1/../../../../arm-none-eabi/lib/thumb/v8-m.main+fp/hard\libg_nano.a(lib_a-errno.o)
                0x00002dbc                __errno
 .text.memcpy   0x00002dc8       0x1a c:/program files (x86)/gnu arm embedded toolchain/10 2021.10/bin/../lib/gcc/arm-none-eabi/10.3.1/../../../../arm-none-eabi/lib/thumb/v8-m.main+fp/hard\libg_nano.a(lib_a-memcpy-stub.o)
                0x00002dc8                memcpy
 .text.memset   0x00002de2       0x10 c:/program files (x86)/gnu arm embedded toolchain/10 2021.10/bin/../lib/gcc/arm-none-eabi/10.3.1/../../../../arm-none-eabi/lib/thumb/v8-m.main+fp/hard\libg_nano.a(lib_a-memset.o)
                0x00002de2                memset
 *fill*         0x00002df2        0x2 ff
 .text._perror_r
                0x00002df4      0x134 c:/program files (x86)/gnu arm embedded toolchain/10 2021.10/bin/../lib/gcc/arm-none-eabi/10.3.1/../../../../arm-none-eabi/lib/thumb/v8-m.main+fp/hard\libg_nano.a(lib_a-perror.o)
                0x00002df4                _perror_r
 .text.perror   0x00002f28       0x10 c:/program files (x86)/gnu arm embedded toolchain/10 2021.10/bin/../lib/gcc/arm-none-eabi/10.3.1/../../../../arm-none-eabi/lib/thumb/v8-m.main+fp/hard\libg_nano.a(lib_a-perror.o)
                0x00002f28                perror
 .text.printf   0x00002f38       0x30 c:/program files (x86)/gnu arm embedded toolchain/10 2021.10/bin/../lib/gcc/arm-none-eabi/10.3.1/../../../../arm-none-eabi/lib/thumb/v8-m.main+fp/hard\libg_nano.a(lib_a-printf.o)
                0x00002f38                iprintf
                0x00002f38                printf
 .text._strerror_r
                0x00002f68      0x3cc c:/program files (x86)/gnu arm embedded toolchain/10 2021.10/bin/../lib/gcc/arm-none-eabi/10.3.1/../../../../arm-none-eabi/lib/thumb/v8-m.main+fp/hard\libg_nano.a(lib_a-strerror.o)
                0x00002f68                _strerror_r
 .text          0x00003334       0x10 c:/program files (x86)/gnu arm embedded toolchain/10 2021.10/bin/../lib/gcc/arm-none-eabi/10.3.1/../../../../arm-none-eabi/lib/thumb/v8-m.main+fp/hard\libg_nano.a(lib_a-strlen.o)
                0x00003334                strlen
 .text._user_strerror
                0x00003344        0x4 c:/program files (x86)/gnu arm embedded toolchain/10 2021.10/bin/../lib/gcc/arm-none-eabi/10.3.1/../../../../arm-none-eabi/lib/thumb/v8-m.main+fp/hard\libg_nano.a(lib_a-u_strerr.o)
                0x00003344                _user_strerror
 .text._write_r
                0x00003348       0x24 c:/program files (x86)/gnu arm embedded toolchain/10 2021.10/bin/../lib/gcc/arm-none-eabi/10.3.1/../../../../arm-none-eabi/lib/thumb/v8-m.main+fp/hard\libg_nano.a(lib_a-writer.o)
                0x00003348                _write_r
 .text.__sflush_r
                0x0000336c      0x108 c:/program files (x86)/gnu arm embedded toolchain/10 2021.10/bin/../lib/gcc/arm-none-eabi/10.3.1/../../../../arm-none-eabi/lib/thumb/v8-m.main+fp/hard\libg_nano.a(lib_a-fflush.o)
                0x0000336c                __sflush_r
 .text._fflush_r
                0x00003474       0x78 c:/program files (x86)/gnu arm embedded toolchain/10 2021.10/bin/../lib/gcc/arm-none-eabi/10.3.1/../../../../arm-none-eabi/lib/thumb/v8-m.main+fp/hard\libg_nano.a(lib_a-fflush.o)
                0x00003474                _fflush_r
 .text.fileno   0x000034ec       0x7c c:/program files (x86)/gnu arm embedded toolchain/10 2021.10/bin/../lib/gcc/arm-none-eabi/10.3.1/../../../../arm-none-eabi/lib/thumb/v8-m.main+fp/hard\libg_nano.a(lib_a-fileno.o)
                0x000034ec                fileno
 .text.std      0x00003568       0x48 c:/program files (x86)/gnu arm embedded toolchain/10 2021.10/bin/../lib/gcc/arm-none-eabi/10.3.1/../../../../arm-none-eabi/lib/thumb/v8-m.main+fp/hard\libg_nano.a(lib_a-findfp.o)
 .text._cleanup_r
                0x000035b0        0xc c:/program files (x86)/gnu arm embedded toolchain/10 2021.10/bin/../lib/gcc/arm-none-eabi/10.3.1/../../../../arm-none-eabi/lib/thumb/v8-m.main+fp/hard\libg_nano.a(lib_a-findfp.o)
                0x000035b0                _cleanup_r
 .text.__sfmoreglue
                0x000035bc       0x2c c:/program files (x86)/gnu arm embedded toolchain/10 2021.10/bin/../lib/gcc/arm-none-eabi/10.3.1/../../../../arm-none-eabi/lib/thumb/v8-m.main+fp/hard\libg_nano.a(lib_a-findfp.o)
                0x000035bc                __sfmoreglue
 .text.__sfp_lock_acquire
                0x000035e8        0xc c:/program files (x86)/gnu arm embedded toolchain/10 2021.10/bin/../lib/gcc/arm-none-eabi/10.3.1/../../../../arm-none-eabi/lib/thumb/v8-m.main+fp/hard\libg_nano.a(lib_a-findfp.o)
                0x000035e8                __sfp_lock_acquire
 .text.__sfp_lock_release
                0x000035f4        0xc c:/program files (x86)/gnu arm embedded toolchain/10 2021.10/bin/../lib/gcc/arm-none-eabi/10.3.1/../../../../arm-none-eabi/lib/thumb/v8-m.main+fp/hard\libg_nano.a(lib_a-findfp.o)
                0x000035f4                __sfp_lock_release
 .text.__sinit_lock_acquire
                0x00003600        0xc c:/program files (x86)/gnu arm embedded toolchain/10 2021.10/bin/../lib/gcc/arm-none-eabi/10.3.1/../../../../arm-none-eabi/lib/thumb/v8-m.main+fp/hard\libg_nano.a(lib_a-findfp.o)
                0x00003600                __sinit_lock_acquire
 .text.__sinit_lock_release
                0x0000360c        0xc c:/program files (x86)/gnu arm embedded toolchain/10 2021.10/bin/../lib/gcc/arm-none-eabi/10.3.1/../../../../arm-none-eabi/lib/thumb/v8-m.main+fp/hard\libg_nano.a(lib_a-findfp.o)
                0x0000360c                __sinit_lock_release
 .text.__sinit  0x00003618       0x70 c:/program files (x86)/gnu arm embedded toolchain/10 2021.10/bin/../lib/gcc/arm-none-eabi/10.3.1/../../../../arm-none-eabi/lib/thumb/v8-m.main+fp/hard\libg_nano.a(lib_a-findfp.o)
                0x00003618                __sinit
 .text.__sfp    0x00003688       0x8c c:/program files (x86)/gnu arm embedded toolchain/10 2021.10/bin/../lib/gcc/arm-none-eabi/10.3.1/../../../../arm-none-eabi/lib/thumb/v8-m.main+fp/hard\libg_nano.a(lib_a-findfp.o)
                0x00003688                __sfp
 .text._fwalk_reent
                0x00003714       0x3e c:/program files (x86)/gnu arm embedded toolchain/10 2021.10/bin/../lib/gcc/arm-none-eabi/10.3.1/../../../../arm-none-eabi/lib/thumb/v8-m.main+fp/hard\libg_nano.a(lib_a-fwalk.o)
                0x00003714                _fwalk_reent
 .text.__retarget_lock_init_recursive
                0x00003752        0x2 c:/program files (x86)/gnu arm embedded toolchain/10 2021.10/bin/../lib/gcc/arm-none-eabi/10.3.1/../../../../arm-none-eabi/lib/thumb/v8-m.main+fp/hard\libg_nano.a(lib_a-lock.o)
                0x00003752                __retarget_lock_init_recursive
 .text.__retarget_lock_acquire_recursive
                0x00003754        0x2 c:/program files (x86)/gnu arm embedded toolchain/10 2021.10/bin/../lib/gcc/arm-none-eabi/10.3.1/../../../../arm-none-eabi/lib/thumb/v8-m.main+fp/hard\libg_nano.a(lib_a-lock.o)
                0x00003754                __retarget_lock_acquire_recursive
 .text.__retarget_lock_release_recursive
                0x00003756        0x2 c:/program files (x86)/gnu arm embedded toolchain/10 2021.10/bin/../lib/gcc/arm-none-eabi/10.3.1/../../../../arm-none-eabi/lib/thumb/v8-m.main+fp/hard\libg_nano.a(lib_a-lock.o)
                0x00003756                __retarget_lock_release_recursive
 .text._free_r  0x00003758       0x98 c:/program files (x86)/gnu arm embedded toolchain/10 2021.10/bin/../lib/gcc/arm-none-eabi/10.3.1/../../../../arm-none-eabi/lib/thumb/v8-m.main+fp/hard\libg_nano.a(lib_a-nano-freer.o)
                0x00003758                _free_r
 .text.sbrk_aligned
                0x000037f0       0x40 c:/program files (x86)/gnu arm embedded toolchain/10 2021.10/bin/../lib/gcc/arm-none-eabi/10.3.1/../../../../arm-none-eabi/lib/thumb/v8-m.main+fp/hard\libg_nano.a(lib_a-nano-mallocr.o)
 .text._malloc_r
                0x00003830       0xe8 c:/program files (x86)/gnu arm embedded toolchain/10 2021.10/bin/../lib/gcc/arm-none-eabi/10.3.1/../../../../arm-none-eabi/lib/thumb/v8-m.main+fp/hard\libg_nano.a(lib_a-nano-mallocr.o)
                0x00003830                _malloc_r
 .text.__sfputc_r
                0x00003918       0x2e c:/program files (x86)/gnu arm embedded toolchain/10 2021.10/bin/../lib/gcc/arm-none-eabi/10.3.1/../../../../arm-none-eabi/lib/thumb/v8-m.main+fp/hard\libg_nano.a(lib_a-nano-vfprintf.o)
 .text.__sfputs_r
                0x00003946       0x24 c:/program files (x86)/gnu arm embedded toolchain/10 2021.10/bin/../lib/gcc/arm-none-eabi/10.3.1/../../../../arm-none-eabi/lib/thumb/v8-m.main+fp/hard\libg_nano.a(lib_a-nano-vfprintf.o)
                0x00003946                __sfputs_r
 *fill*         0x0000396a        0x2 ff
 .text._vfprintf_r
                0x0000396c      0x260 c:/program files (x86)/gnu arm embedded toolchain/10 2021.10/bin/../lib/gcc/arm-none-eabi/10.3.1/../../../../arm-none-eabi/lib/thumb/v8-m.main+fp/hard\libg_nano.a(lib_a-nano-vfprintf.o)
                0x0000396c                _vfprintf_r
                0x0000396c                _vfiprintf_r
 .text._printf_common
                0x00003bcc       0xe0 c:/program files (x86)/gnu arm embedded toolchain/10 2021.10/bin/../lib/gcc/arm-none-eabi/10.3.1/../../../../arm-none-eabi/lib/thumb/v8-m.main+fp/hard\libg_nano.a(lib_a-nano-vfprintf_i.o)
                0x00003bcc                _printf_common
 .text._printf_i
                0x00003cac      0x24c c:/program files (x86)/gnu arm embedded toolchain/10 2021.10/bin/../lib/gcc/arm-none-eabi/10.3.1/../../../../arm-none-eabi/lib/thumb/v8-m.main+fp/hard\libg_nano.a(lib_a-nano-vfprintf_i.o)
                0x00003cac                _printf_i
 .text._sbrk_r  0x00003ef8       0x20 c:/program files (x86)/gnu arm embedded toolchain/10 2021.10/bin/../lib/gcc/arm-none-eabi/10.3.1/../../../../arm-none-eabi/lib/thumb/v8-m.main+fp/hard\libg_nano.a(lib_a-sbrkr.o)
                0x00003ef8                _sbrk_r
 .text.__sread  0x00003f18       0x22 c:/program files (x86)/gnu arm embedded toolchain/10 2021.10/bin/../lib/gcc/arm-none-eabi/10.3.1/../../../../arm-none-eabi/lib/thumb/v8-m.main+fp/hard\libg_nano.a(lib_a-stdio.o)
                0x00003f18                __sread
 .text.__swrite
                0x00003f3a       0x38 c:/program files (x86)/gnu arm embedded toolchain/10 2021.10/bin/../lib/gcc/arm-none-eabi/10.3.1/../../../../arm-none-eabi/lib/thumb/v8-m.main+fp/hard\libg_nano.a(lib_a-stdio.o)
                0x00003f3a                __swrite
 .text.__sseek  0x00003f72       0x24 c:/program files (x86)/gnu arm embedded toolchain/10 2021.10/bin/../lib/gcc/arm-none-eabi/10.3.1/../../../../arm-none-eabi/lib/thumb/v8-m.main+fp/hard\libg_nano.a(lib_a-stdio.o)
                0x00003f72                __sseek
 .text.__sclose
                0x00003f96        0x8 c:/program files (x86)/gnu arm embedded toolchain/10 2021.10/bin/../lib/gcc/arm-none-eabi/10.3.1/../../../../arm-none-eabi/lib/thumb/v8-m.main+fp/hard\libg_nano.a(lib_a-stdio.o)
                0x00003f96                __sclose
 *fill*         0x00003f9e        0x2 ff
 .text.__swbuf_r
                0x00003fa0       0xa4 c:/program files (x86)/gnu arm embedded toolchain/10 2021.10/bin/../lib/gcc/arm-none-eabi/10.3.1/../../../../arm-none-eabi/lib/thumb/v8-m.main+fp/hard\libg_nano.a(lib_a-wbuf.o)
                0x00003fa0                __swbuf_r
 .text.__swsetup_r
                0x00004044       0xdc c:/program files (x86)/gnu arm embedded toolchain/10 2021.10/bin/../lib/gcc/arm-none-eabi/10.3.1/../../../../arm-none-eabi/lib/thumb/v8-m.main+fp/hard\libg_nano.a(lib_a-wsetup.o)
                0x00004044                __swsetup_r
 .text._close_r
                0x00004120       0x20 c:/program files (x86)/gnu arm embedded toolchain/10 2021.10/bin/../lib/gcc/arm-none-eabi/10.3.1/../../../../arm-none-eabi/lib/thumb/v8-m.main+fp/hard\libg_nano.a(lib_a-closer.o)
                0x00004120                _close_r
 .text._lseek_r
                0x00004140       0x24 c:/program files (x86)/gnu arm embedded toolchain/10 2021.10/bin/../lib/gcc/arm-none-eabi/10.3.1/../../../../arm-none-eabi/lib/thumb/v8-m.main+fp/hard\libg_nano.a(lib_a-lseekr.o)
                0x00004140                _lseek_r
 .text.__swhatbuf_r
                0x00004164       0x4a c:/program files (x86)/gnu arm embedded toolchain/10 2021.10/bin/../lib/gcc/arm-none-eabi/10.3.1/../../../../arm-none-eabi/lib/thumb/v8-m.main+fp/hard\libg_nano.a(lib_a-makebuf.o)
                0x00004164                __swhatbuf_r
 *fill*         0x000041ae        0x2 ff
 .text.__smakebuf_r
                0x000041b0       0x80 c:/program files (x86)/gnu arm embedded toolchain/10 2021.10/bin/../lib/gcc/arm-none-eabi/10.3.1/../../../../arm-none-eabi/lib/thumb/v8-m.main+fp/hard\libg_nano.a(lib_a-makebuf.o)
                0x000041b0                __smakebuf_r
 .text.memchr   0x00004230       0x1c c:/program files (x86)/gnu arm embedded toolchain/10 2021.10/bin/../lib/gcc/arm-none-eabi/10.3.1/../../../../arm-none-eabi/lib/thumb/v8-m.main+fp/hard\libg_nano.a(lib_a-memchr-stub.o)
                0x00004230                memchr
 .text.__malloc_lock
                0x0000424c        0xc c:/program files (x86)/gnu arm embedded toolchain/10 2021.10/bin/../lib/gcc/arm-none-eabi/10.3.1/../../../../arm-none-eabi/lib/thumb/v8-m.main+fp/hard\libg_nano.a(lib_a-mlock.o)
                0x0000424c                __malloc_lock
 .text.__malloc_unlock
                0x00004258        0xc c:/program files (x86)/gnu arm embedded toolchain/10 2021.10/bin/../lib/gcc/arm-none-eabi/10.3.1/../../../../arm-none-eabi/lib/thumb/v8-m.main+fp/hard\libg_nano.a(lib_a-mlock.o)
                0x00004258                __malloc_unlock
 .text._read_r  0x00004264       0x24 c:/program files (x86)/gnu arm embedded toolchain/10 2021.10/bin/../lib/gcc/arm-none-eabi/10.3.1/../../../../arm-none-eabi/lib/thumb/v8-m.main+fp/hard\libg_nano.a(lib_a-readr.o)
                0x00004264                _read_r
 .text._fstat_r
                0x00004288       0x24 c:/program files (x86)/gnu arm embedded toolchain/10 2021.10/bin/../lib/gcc/arm-none-eabi/10.3.1/../../../../arm-none-eabi/lib/thumb/v8-m.main+fp/hard\libg_nano.a(lib_a-fstatr.o)
                0x00004288                _fstat_r
 .text._isatty_r
                0x000042ac       0x20 c:/program files (x86)/gnu arm embedded toolchain/10 2021.10/bin/../lib/gcc/arm-none-eabi/10.3.1/../../../../arm-none-eabi/lib/thumb/v8-m.main+fp/hard\libg_nano.a(lib_a-isattyr.o)
                0x000042ac                _isatty_r
 .text.findslot
                0x000042cc       0x34 c:/program files (x86)/gnu arm embedded toolchain/10 2021.10/bin/../lib/gcc/arm-none-eabi/10.3.1/../../../../arm-none-eabi/lib/thumb/v8-m.main+fp/hard\librdimon_nano.a(rdimon-syscalls.o)
 .text.error    0x00004300       0x1c c:/program files (x86)/gnu arm embedded toolchain/10 2021.10/bin/../lib/gcc/arm-none-eabi/10.3.1/../../../../arm-none-eabi/lib/thumb/v8-m.main+fp/hard\librdimon_nano.a(rdimon-syscalls.o)
 .text.checkerror
                0x0000431c        0xa c:/program files (x86)/gnu arm embedded toolchain/10 2021.10/bin/../lib/gcc/arm-none-eabi/10.3.1/../../../../arm-none-eabi/lib/thumb/v8-m.main+fp/hard\librdimon_nano.a(rdimon-syscalls.o)
 .text._swiread
                0x00004326       0x20 c:/program files (x86)/gnu arm embedded toolchain/10 2021.10/bin/../lib/gcc/arm-none-eabi/10.3.1/../../../../arm-none-eabi/lib/thumb/v8-m.main+fp/hard\librdimon_nano.a(rdimon-syscalls.o)
                0x00004326                _swiread
 .text._read    0x00004346       0x38 c:/program files (x86)/gnu arm embedded toolchain/10 2021.10/bin/../lib/gcc/arm-none-eabi/10.3.1/../../../../arm-none-eabi/lib/thumb/v8-m.main+fp/hard\librdimon_nano.a(rdimon-syscalls.o)
                0x00004346                _read
 .text._swilseek
                0x0000437e       0x78 c:/program files (x86)/gnu arm embedded toolchain/10 2021.10/bin/../lib/gcc/arm-none-eabi/10.3.1/../../../../arm-none-eabi/lib/thumb/v8-m.main+fp/hard\librdimon_nano.a(rdimon-syscalls.o)
                0x0000437e                _swilseek
 .text._lseek   0x000043f6        0x4 c:/program files (x86)/gnu arm embedded toolchain/10 2021.10/bin/../lib/gcc/arm-none-eabi/10.3.1/../../../../arm-none-eabi/lib/thumb/v8-m.main+fp/hard\librdimon_nano.a(rdimon-syscalls.o)
                0x000043f6                _lseek
 .text._swiwrite
                0x000043fa       0x20 c:/program files (x86)/gnu arm embedded toolchain/10 2021.10/bin/../lib/gcc/arm-none-eabi/10.3.1/../../../../arm-none-eabi/lib/thumb/v8-m.main+fp/hard\librdimon_nano.a(rdimon-syscalls.o)
                0x000043fa                _swiwrite
 .text._write   0x0000441a       0x48 c:/program files (x86)/gnu arm embedded toolchain/10 2021.10/bin/../lib/gcc/arm-none-eabi/10.3.1/../../../../arm-none-eabi/lib/thumb/v8-m.main+fp/hard\librdimon_nano.a(rdimon-syscalls.o)
                0x0000441a                _write
 .text._swiclose
                0x00004462       0x1a c:/program files (x86)/gnu arm embedded toolchain/10 2021.10/bin/../lib/gcc/arm-none-eabi/10.3.1/../../../../arm-none-eabi/lib/thumb/v8-m.main+fp/hard\librdimon_nano.a(rdimon-syscalls.o)
                0x00004462                _swiclose
 .text._close   0x0000447c       0x4c c:/program files (x86)/gnu arm embedded toolchain/10 2021.10/bin/../lib/gcc/arm-none-eabi/10.3.1/../../../../arm-none-eabi/lib/thumb/v8-m.main+fp/hard\librdimon_nano.a(rdimon-syscalls.o)
                0x0000447c                _close
 .text._swistat
                0x000044c8       0x42 c:/program files (x86)/gnu arm embedded toolchain/10 2021.10/bin/../lib/gcc/arm-none-eabi/10.3.1/../../../../arm-none-eabi/lib/thumb/v8-m.main+fp/hard\librdimon_nano.a(rdimon-syscalls.o)
                0x000044c8                _swistat
 .text._fstat   0x0000450a       0x1c c:/program files (x86)/gnu arm embedded toolchain/10 2021.10/bin/../lib/gcc/arm-none-eabi/10.3.1/../../../../arm-none-eabi/lib/thumb/v8-m.main+fp/hard\librdimon_nano.a(rdimon-syscalls.o)
                0x0000450a                _fstat
 .text._isatty  0x00004526       0x38 c:/program files (x86)/gnu arm embedded toolchain/10 2021.10/bin/../lib/gcc/arm-none-eabi/10.3.1/../../../../arm-none-eabi/lib/thumb/v8-m.main+fp/hard\librdimon_nano.a(rdimon-syscalls.o)
                0x00004526                _isatty
 *(.version)
 *fill*         0x0000455e        0x2 ff
 .version       0x00004560       0x50 ./ra/fsp/src/bsp/mcu/all/bsp_common.o
 *(.init)
 .init          0x000045b0        0x4 c:/program files (x86)/gnu arm embedded toolchain/10 2021.10/bin/../lib/gcc/arm-none-eabi/10.3.1/thumb/v8-m.main+fp/hard/crti.o
                0x000045b0                _init
 .init          0x000045b4        0x8 c:/program files (x86)/gnu arm embedded toolchain/10 2021.10/bin/../lib/gcc/arm-none-eabi/10.3.1/thumb/v8-m.main+fp/hard/crtn.o
 *(.fini)
 .fini          0x000045bc        0x4 c:/program files (x86)/gnu arm embedded toolchain/10 2021.10/bin/../lib/gcc/arm-none-eabi/10.3.1/thumb/v8-m.main+fp/hard/crti.o
                0x000045bc                _fini
 .fini          0x000045c0        0x8 c:/program files (x86)/gnu arm embedded toolchain/10 2021.10/bin/../lib/gcc/arm-none-eabi/10.3.1/thumb/v8-m.main+fp/hard/crtn.o
 *crtbegin.o(.ctors)
 *crtbegin?.o(.ctors)
 *(EXCLUDE_FILE(*crtend.o *crtend?.o) .ctors)
 *(SORT_BY_NAME(.ctors.*))
 *(.ctors)
 *crtbegin.o(.dtors)
 *crtbegin?.o(.dtors)
 *(EXCLUDE_FILE(*crtend.o *crtend?.o) .dtors)
 *(SORT_BY_NAME(.dtors.*))
 *(.dtors)
 *(.rodata*)
 .rodata.pppos_example_init.str1.4
                0x000045c8       0x24 ./src/idle_thread_entry.o
 .rodata.vApplicationStackOverflowHook.str1.4
                0x000045ec       0x13 ./src/idle_thread_entry.o
 *fill*         0x000045ff        0x1 ff
 .rodata.g_ioport
                0x00004600        0xc ./ra_gen/common_data.o
                0x00004600                g_ioport
 .rodata.idle_thread_create.str1.4
                0x0000460c        0xa ./ra_gen/idle_thread.o
 *fill*         0x00004616        0x2 ff
 .rodata.idle_thread_parameters
                0x00004618        0x4 ./ra_gen/idle_thread.o
                0x00004618                idle_thread_parameters
 .rodata.g_bsp_pin_cfg
                0x0000461c        0x8 ./ra_gen/pin_data.o
                0x0000461c                g_bsp_pin_cfg
 .rodata.g_bsp_pin_cfg_data
                0x00004624       0x40 ./ra_gen/pin_data.o
                0x00004624                g_bsp_pin_cfg_data
 .rodata.g_interrupt_event_link_select
                0x00004664       0xc0 ./ra_gen/vector_data.o
                0x00004664                g_interrupt_event_link_select
 .rodata.vPortSVCHandler_C.str1.4
                0x00004724       0x3a ./ra/fsp/src/rm_freertos_port/port.o
 *fill*         0x0000475e        0x2 ff
 .rodata.vPortEnterCritical.str1.4
                0x00004760       0x46 ./ra/fsp/src/rm_freertos_port/port.o
 *fill*         0x000047a6        0x2 ff
 .rodata.vPortExitCritical.str1.4
                0x000047a8       0x12 ./ra/fsp/src/rm_freertos_port/port.o
 *fill*         0x000047ba        0x2 ff
 .rodata.__func__.1
                0x000047bc       0x12 ./ra/fsp/src/rm_freertos_port/port.o
 *fill*         0x000047ce        0x2 ff
 .rodata.__func__.2
                0x000047d0       0x13 ./ra/fsp/src/rm_freertos_port/port.o
 *fill*         0x000047e3        0x1 ff
 .rodata.__func__.3
                0x000047e4       0x12 ./ra/fsp/src/rm_freertos_port/port.o
 *fill*         0x000047f6        0x2 ff
 .rodata.g_ioport_on_ioport
                0x000047f8       0x38 ./ra/fsp/src/r_ioport/r_ioport.o
                0x000047f8                g_ioport_on_ioport
 .rodata.g_prcr_masks
                0x00004830        0x8 ./ra/fsp/src/bsp/mcu/all/bsp_register_protection.o
 .rodata.pvPortMalloc.str1.4
                0x00004838       0xb1 ./ra/aws/amazon-freertos/freertos_kernel/portable/MemMang/heap_4.o
 *fill*         0x000048e9        0x3 ff
 .rodata.vPortFree.str1.4
                0x000048ec       0x5b ./ra/aws/amazon-freertos/freertos_kernel/portable/MemMang/heap_4.o
 *fill*         0x00004947        0x1 ff
 .rodata.__func__.0
                0x00004948        0xa ./ra/aws/amazon-freertos/freertos_kernel/portable/MemMang/heap_4.o
 *fill*         0x00004952        0x2 ff
 .rodata.__func__.1
                0x00004954        0xd ./ra/aws/amazon-freertos/freertos_kernel/portable/MemMang/heap_4.o
 *fill*         0x00004961        0x3 ff
 .rodata.xQueueGenericReset.str1.4
                0x00004964       0x3a ./ra/aws/amazon-freertos/freertos_kernel/queue.o
 *fill*         0x0000499e        0x2 ff
 .rodata.xQueueGenericCreateStatic.str1.4
                0x000049a0       0xdf ./ra/aws/amazon-freertos/freertos_kernel/queue.o
 *fill*         0x00004a7f        0x1 ff
 .rodata.xQueueCreateCountingSemaphoreStatic.str1.4
                0x00004a80       0x2d ./ra/aws/amazon-freertos/freertos_kernel/queue.o
 *fill*         0x00004aad        0x3 ff
 .rodata.xQueueGenericSend.str1.4
                0x00004ab0       0xfb ./ra/aws/amazon-freertos/freertos_kernel/queue.o
 *fill*         0x00004bab        0x1 ff
 .rodata.xQueueGenericSendFromISR.str1.4
                0x00004bac       0x1e ./ra/aws/amazon-freertos/freertos_kernel/queue.o
 *fill*         0x00004bca        0x2 ff
 .rodata.xQueueGiveFromISR.str1.4
                0x00004bcc       0x7d ./ra/aws/amazon-freertos/freertos_kernel/queue.o
 *fill*         0x00004c49        0x3 ff
 .rodata.xQueueReceive.str1.4
                0x00004c4c       0x66 ./ra/aws/amazon-freertos/freertos_kernel/queue.o
 *fill*         0x00004cb2        0x2 ff
 .rodata.xQueueSemaphoreTake.str1.4
                0x00004cb4       0x2d ./ra/aws/amazon-freertos/freertos_kernel/queue.o
 *fill*         0x00004ce1        0x3 ff
 .rodata.__func__.10
                0x00004ce4        0xe ./ra/aws/amazon-freertos/freertos_kernel/queue.o
 *fill*         0x00004cf2        0x2 ff
 .rodata.__func__.12
                0x00004cf4       0x19 ./ra/aws/amazon-freertos/freertos_kernel/queue.o
 *fill*         0x00004d0d        0x3 ff
 .rodata.__func__.13
                0x00004d10       0x12 ./ra/aws/amazon-freertos/freertos_kernel/queue.o
 *fill*         0x00004d22        0x2 ff
 .rodata.__func__.15
                0x00004d24       0x24 ./ra/aws/amazon-freertos/freertos_kernel/queue.o
 .rodata.__func__.19
                0x00004d48       0x1a ./ra/aws/amazon-freertos/freertos_kernel/queue.o
 *fill*         0x00004d62        0x2 ff
 .rodata.__func__.20
                0x00004d64       0x13 ./ra/aws/amazon-freertos/freertos_kernel/queue.o
 *fill*         0x00004d77        0x1 ff
 .rodata.__func__.9
                0x00004d78       0x14 ./ra/aws/amazon-freertos/freertos_kernel/queue.o
 .rodata.prvTaskIsTaskSuspended.part.0.str1.4
                0x00004d8c       0x3a ./ra/aws/amazon-freertos/freertos_kernel/tasks.o
 *fill*         0x00004dc6        0x2 ff
 .rodata.vTaskSwitchContext.part.0.str1.4
                0x00004dc8        0xe ./ra/aws/amazon-freertos/freertos_kernel/tasks.o
 *fill*         0x00004dd6        0x2 ff
 .rodata.prvIdleTask.str1.4
                0x00004dd8       0x32 ./ra/aws/amazon-freertos/freertos_kernel/tasks.o
 *fill*         0x00004e0a        0x2 ff
 .rodata.xTaskIncrementTick.part.0.str1.4
                0x00004e0c       0x76 ./ra/aws/amazon-freertos/freertos_kernel/tasks.o
 *fill*         0x00004e82        0x2 ff
 .rodata.xTaskCreateStatic.str1.4
                0x00004e84       0x55 ./ra/aws/amazon-freertos/freertos_kernel/tasks.o
 *fill*         0x00004ed9        0x3 ff
 .rodata.vTaskDelete.str1.4
                0x00004edc       0x1a ./ra/aws/amazon-freertos/freertos_kernel/tasks.o
 *fill*         0x00004ef6        0x2 ff
 .rodata.vTaskStartScheduler.str1.4
                0x00004ef8       0x1a ./ra/aws/amazon-freertos/freertos_kernel/tasks.o
 *fill*         0x00004f12        0x2 ff
 .rodata.xTaskResumeAll.str1.4
                0x00004f14       0x15 ./ra/aws/amazon-freertos/freertos_kernel/tasks.o
 *fill*         0x00004f29        0x3 ff
 .rodata.vTaskPlaceOnEventList.str1.4
                0x00004f2c        0xc ./ra/aws/amazon-freertos/freertos_kernel/tasks.o
 .rodata.xTaskRemoveFromEventList.str1.4
                0x00004f38        0xf ./ra/aws/amazon-freertos/freertos_kernel/tasks.o
 *fill*         0x00004f47        0x1 ff
 .rodata.vTaskSetTimeOutState.str1.4
                0x00004f48        0xa ./ra/aws/amazon-freertos/freertos_kernel/tasks.o
 *fill*         0x00004f52        0x2 ff
 .rodata.xTaskCheckForTimeOut.str1.4
                0x00004f54        0xe ./ra/aws/amazon-freertos/freertos_kernel/tasks.o
 *fill*         0x00004f62        0x2 ff
 .rodata.xTaskPriorityDisinherit.str1.4
                0x00004f64       0x2d ./ra/aws/amazon-freertos/freertos_kernel/tasks.o
 *fill*         0x00004f91        0x3 ff
 .rodata.vTaskPriorityDisinheritAfterTimeout.str1.4
                0x00004f94       0x16 ./ra/aws/amazon-freertos/freertos_kernel/tasks.o
 *fill*         0x00004faa        0x2 ff
 .rodata.__func__.12
                0x00004fac       0x19 ./ra/aws/amazon-freertos/freertos_kernel/tasks.o
 *fill*         0x00004fc5        0x3 ff
 .rodata.__func__.13
                0x00004fc8       0x20 ./ra/aws/amazon-freertos/freertos_kernel/tasks.o
 .rodata.__func__.15
                0x00004fe8       0x16 ./ra/aws/amazon-freertos/freertos_kernel/tasks.o
 *fill*         0x00004ffe        0x2 ff
 .rodata.__func__.16
                0x00005000       0x13 ./ra/aws/amazon-freertos/freertos_kernel/tasks.o
 *fill*         0x00005013        0x1 ff
 .rodata.__func__.17
                0x00005014       0x13 ./ra/aws/amazon-freertos/freertos_kernel/tasks.o
 *fill*         0x00005027        0x1 ff
 .rodata.__func__.20
                0x00005028        0xf ./ra/aws/amazon-freertos/freertos_kernel/tasks.o
 *fill*         0x00005037        0x1 ff
 .rodata.__func__.21
                0x00005038       0x14 ./ra/aws/amazon-freertos/freertos_kernel/tasks.o
 .rodata.__func__.27
                0x0000504c        0xb ./ra/aws/amazon-freertos/freertos_kernel/tasks.o
 *fill*         0x00005057        0x1 ff
 .rodata.__func__.29
                0x00005058        0xd ./ra/aws/amazon-freertos/freertos_kernel/tasks.o
 *fill*         0x00005065        0x3 ff
 .rodata.__func__.30
                0x00005068        0xc ./ra/aws/amazon-freertos/freertos_kernel/tasks.o
 .rodata.__func__.32
                0x00005074       0x12 ./ra/aws/amazon-freertos/freertos_kernel/tasks.o
 *fill*         0x00005086        0x2 ff
 .rodata.__func__.6
                0x00005088       0x24 ./ra/aws/amazon-freertos/freertos_kernel/tasks.o
 .rodata.__func__.7
                0x000050ac       0x18 ./ra/aws/amazon-freertos/freertos_kernel/tasks.o
 .rodata.__func__.9
                0x000050c4       0x15 ./ra/aws/amazon-freertos/freertos_kernel/tasks.o
 *fill*         0x000050d9        0x3 ff
 .rodata.prvCheckForValidListAndQueue.str1.4
                0x000050dc        0x5 ./ra/aws/amazon-freertos/freertos_kernel/timers.o
 *fill*         0x000050e1        0x3 ff
 .rodata.prvInitialiseNewTimer.part.0.str1.4
                0x000050e4       0x4f ./ra/aws/amazon-freertos/freertos_kernel/timers.o
 *fill*         0x00005133        0x1 ff
 .rodata.xTimerCreateTimerTask.str1.4
                0x00005134       0x10 ./ra/aws/amazon-freertos/freertos_kernel/timers.o
 .rodata.xTimerGenericCommand.str1.4
                0x00005144        0x7 ./ra/aws/amazon-freertos/freertos_kernel/timers.o
 *fill*         0x0000514b        0x1 ff
 .rodata.prvSwitchTimerLists.str1.4
                0x0000514c        0x8 ./ra/aws/amazon-freertos/freertos_kernel/timers.o
 .rodata.prvTimerTask.str1.4
                0x00005154       0x25 ./ra/aws/amazon-freertos/freertos_kernel/timers.o
 *fill*         0x00005179        0x3 ff
 .rodata.__func__.14
                0x0000517c       0x1b ./ra/aws/amazon-freertos/freertos_kernel/timers.o
 *fill*         0x00005197        0x1 ff
 .rodata.__func__.15
                0x00005198       0x17 ./ra/aws/amazon-freertos/freertos_kernel/timers.o
 *fill*         0x000051af        0x1 ff
 .rodata.__func__.16
                0x000051b0       0x14 ./ra/aws/amazon-freertos/freertos_kernel/timers.o
 .rodata.__func__.18
                0x000051c4       0x16 ./ra/aws/amazon-freertos/freertos_kernel/timers.o
 *fill*         0x000051da        0x2 ff
 .rodata.__func__.9
                0x000051dc       0x15 ./ra/aws/amazon-freertos/freertos_kernel/timers.o
 *fill*         0x000051f1        0x3 ff
 .rodata._global_impure_ptr
                0x000051f4        0x4 c:/program files (x86)/gnu arm embedded toolchain/10 2021.10/bin/../lib/gcc/arm-none-eabi/10.3.1/../../../../arm-none-eabi/lib/thumb/v8-m.main+fp/hard\libg_nano.a(lib_a-impure.o)
                0x000051f4                _global_impure_ptr
 .rodata._perror_r.str1.1
                0x000051f8        0x5 c:/program files (x86)/gnu arm embedded toolchain/10 2021.10/bin/../lib/gcc/arm-none-eabi/10.3.1/../../../../arm-none-eabi/lib/thumb/v8-m.main+fp/hard\libg_nano.a(lib_a-perror.o)
 .rodata._strerror_r.str1.1
                0x000051fd      0x696 c:/program files (x86)/gnu arm embedded toolchain/10 2021.10/bin/../lib/gcc/arm-none-eabi/10.3.1/../../../../arm-none-eabi/lib/thumb/v8-m.main+fp/hard\libg_nano.a(lib_a-strerror.o)
                                0x697 (size before relaxing)
 *fill*         0x00005893        0x1 ff
 .rodata.__sf_fake_stderr
                0x00005894       0x20 c:/program files (x86)/gnu arm embedded toolchain/10 2021.10/bin/../lib/gcc/arm-none-eabi/10.3.1/../../../../arm-none-eabi/lib/thumb/v8-m.main+fp/hard\libg_nano.a(lib_a-findfp.o)
                0x00005894                __sf_fake_stderr
 .rodata.__sf_fake_stdin
                0x000058b4       0x20 c:/program files (x86)/gnu arm embedded toolchain/10 2021.10/bin/../lib/gcc/arm-none-eabi/10.3.1/../../../../arm-none-eabi/lib/thumb/v8-m.main+fp/hard\libg_nano.a(lib_a-findfp.o)
                0x000058b4                __sf_fake_stdin
 .rodata.__sf_fake_stdout
                0x000058d4       0x20 c:/program files (x86)/gnu arm embedded toolchain/10 2021.10/bin/../lib/gcc/arm-none-eabi/10.3.1/../../../../arm-none-eabi/lib/thumb/v8-m.main+fp/hard\libg_nano.a(lib_a-findfp.o)
                0x000058d4                __sf_fake_stdout
 .rodata._vfprintf_r.str1.1
                0x000058f4       0x11 c:/program files (x86)/gnu arm embedded toolchain/10 2021.10/bin/../lib/gcc/arm-none-eabi/10.3.1/../../../../arm-none-eabi/lib/thumb/v8-m.main+fp/hard\libg_nano.a(lib_a-nano-vfprintf.o)
 .rodata._printf_i.str1.1
                0x00005905       0x22 c:/program files (x86)/gnu arm embedded toolchain/10 2021.10/bin/../lib/gcc/arm-none-eabi/10.3.1/../../../../arm-none-eabi/lib/thumb/v8-m.main+fp/hard\libg_nano.a(lib_a-nano-vfprintf_i.o)
                0x00005927                __usb_dev_descriptor_start_fs = .
 *(.usb_device_desc_fs*)
                0x00005927                __usb_cfg_descriptor_start_fs = .
 *(.usb_config_desc_fs*)
                0x00005927                __usb_interface_descriptor_start_fs = .
 *(.usb_interface_desc_fs*)
                0x00005927                __usb_descriptor_end_fs = .
                0x00005927                __usb_dev_descriptor_start_hs = .
 *(.usb_device_desc_hs*)
                0x00005927                __usb_cfg_descriptor_start_hs = .
 *(.usb_config_desc_hs*)
                0x00005927                __usb_interface_descriptor_start_hs = .
 *(.usb_interface_desc_hs*)
                0x00005927                __usb_descriptor_end_hs = .
 *(.eh_frame*)
 *fill*         0x00005927        0x1 ff
 .eh_frame      0x00005928        0x0 c:/program files (x86)/gnu arm embedded toolchain/10 2021.10/bin/../lib/gcc/arm-none-eabi/10.3.1/thumb/v8-m.main+fp/hard/crtbegin.o
 .eh_frame      0x00005928        0x4 c:/program files (x86)/gnu arm embedded toolchain/10 2021.10/bin/../lib/gcc/arm-none-eabi/10.3.1/thumb/v8-m.main+fp/hard/crtend.o
                0x0000592c                __ROM_End = .
                0x000001c0                __Vectors_Size = (__Vectors_End - __Vectors)

.glue_7         0x0000592c        0x0
 .glue_7        0x0000592c        0x0 linker stubs

.glue_7t        0x0000592c        0x0
 .glue_7t       0x0000592c        0x0 linker stubs

.vfp11_veneer   0x0000592c        0x0
 .vfp11_veneer  0x0000592c        0x0 linker stubs

.v4_bx          0x0000592c        0x0
 .v4_bx         0x0000592c        0x0 linker stubs

.iplt           0x0000592c        0x0
 .iplt          0x0000592c        0x0 c:/program files (x86)/gnu arm embedded toolchain/10 2021.10/bin/../lib/gcc/arm-none-eabi/10.3.1/thumb/v8-m.main+fp/hard/crtbegin.o

.ARM.extab
 *(.ARM.extab* .gnu.linkonce.armextab.*)
                0x0000592c                __exidx_start = .

.ARM.exidx
 *(.ARM.exidx* .gnu.linkonce.armexidx.*)
                0x0000592c                __exidx_end = .
                0x0000592c                __etext = .
                0x20000000                __tz_RAM_S = ORIGIN (RAM)

.fsp_dtc_vector_table
                0x20000000        0x0
                0x20000000                . = ORIGIN (RAM)
 *(.fsp_dtc_vector_table)

.data           0x20000000       0x70 load address 0x0000592c
                0x20000000                __data_start__ = .
                0x20000000                . = ALIGN (0x4)
                0x20000000                __Code_In_RAM_Start = .
 *(.code_in_ram*)
                0x20000000                __Code_In_RAM_End = .
 *(vtable)
 *(.data.*)
 .data.uxTopUsedPriority
                0x20000000        0x4 ./ra/aws/amazon-freertos/freertos_kernel/tasks.o
                0x20000000                uxTopUsedPriority
 .data._impure_ptr
                0x20000004        0x4 c:/program files (x86)/gnu arm embedded toolchain/10 2021.10/bin/../lib/gcc/arm-none-eabi/10.3.1/../../../../arm-none-eabi/lib/thumb/v8-m.main+fp/hard\libg_nano.a(lib_a-impure.o)
                0x20000004                _impure_ptr
 .data.impure_data
                0x20000008       0x60 c:/program files (x86)/gnu arm embedded toolchain/10 2021.10/bin/../lib/gcc/arm-none-eabi/10.3.1/../../../../arm-none-eabi/lib/thumb/v8-m.main+fp/hard\libg_nano.a(lib_a-impure.o)
 *(.data)
                0x20000068                . = ALIGN (0x4)
                0x20000068                PROVIDE (__preinit_array_start = .)
 *(.preinit_array)
                0x20000068                PROVIDE (__preinit_array_end = .)
                0x20000068                . = ALIGN (0x4)
                0x20000068                PROVIDE (__init_array_start = .)
 *(SORT_BY_NAME(.init_array.*))
 *(.init_array)
 .init_array    0x20000068        0x4 c:/program files (x86)/gnu arm embedded toolchain/10 2021.10/bin/../lib/gcc/arm-none-eabi/10.3.1/thumb/v8-m.main+fp/hard/crtbegin.o
                0x2000006c                PROVIDE (__init_array_end = .)
                0x2000006c                . = ALIGN (0x4)
                [!provide]                PROVIDE (__fini_array_start = .)
 *(SORT_BY_NAME(.fini_array.*))
 *(.fini_array)
 .fini_array    0x2000006c        0x4 c:/program files (x86)/gnu arm embedded toolchain/10 2021.10/bin/../lib/gcc/arm-none-eabi/10.3.1/thumb/v8-m.main+fp/hard/crtbegin.o
                [!provide]                PROVIDE (__fini_array_end = .)
 *(.jcr*)
                0x20000070                . = ALIGN (0x4)
                0x20000070                __data_end__ = .

.igot.plt       0x20000070        0x0 load address 0x0000599c
 .igot.plt      0x20000070        0x0 c:/program files (x86)/gnu arm embedded toolchain/10 2021.10/bin/../lib/gcc/arm-none-eabi/10.3.1/thumb/v8-m.main+fp/hard/crtbegin.o

.gnu.sgstubs    0x00005c00        0x0
                0x00005c00                . = (DEFINED (PROJECT_SECURE) && DEFINED (FLASH_NSC_START))?ABSOLUTE (FLASH_NSC_START):ALIGN (0x400)
                0x00005c00                __tz_FLASH_C = DEFINED (FLASH_NSC_START)?ABSOLUTE (FLASH_NSC_START):__RESERVE_NS_RAM?ABSOLUTE ((FLASH_START + FLASH_LENGTH)):ALIGN (0x400)
                0x00005c00                _start_sg = .
 *(.gnu.sgstubs*)
                0x00005c00                . = ALIGN (0x20)
                0x00005c00                _end_sg = .
                0x00008000                __tz_FLASH_N = DEFINED (FLASH_NS_START)?ABSOLUTE (FLASH_NS_START):__RESERVE_NS_RAM?ABSOLUTE ((FLASH_START + FLASH_LENGTH)):(FLASH_LENGTH < 0x8000)?FLASH_LENGTH:ALIGN (0x8000)
                0x00008000                FLASH_NS_IMAGE_START = DEFINED (FLASH_NS_IMAGE_START)?FLASH_NS_IMAGE_START:__tz_FLASH_N
                0x60000000                __tz_QSPI_FLASH_S = ORIGIN (QSPI_FLASH)

.qspi_flash     0x60000000        0x0
                0x60000000                __qspi_flash_start__ = .
 *(.qspi_flash*)
 *(.code_in_qspi*)
                0x60000000                __qspi_flash_end__ = .
                0x00000000                __qspi_flash_code_size__ = (__qspi_flash_end__ - __qspi_flash_start__)
                0x0000599c                __qspi_flash_code_addr__ = (__etext + (__data_end__ - __data_start__))

.qspi_non_retentive
                0x60000000        0x0 load address 0x0000599c
                0x60000000                __qspi_non_retentive_start__ = .
 *(.qspi_non_retentive*)
                0x60000000                __qspi_non_retentive_end__ = .
                0x00000000                __qspi_non_retentive_size__ = (__qspi_non_retentive_end__ - __qspi_non_retentive_start__)
                0x04000000                __qspi_region_max_size__ = 0x4000000
                0x60000000                __qspi_region_start_address__ = __qspi_flash_start__
                0x64000000                __qspi_region_end_address__ = (__qspi_flash_start__ + __qspi_region_max_size__)
                0x60000000                __tz_QSPI_FLASH_N = __qspi_non_retentive_end__

.OSPI_DEVICE_0_NO_LOAD
                0x68000000        0x0
                0x68000000                . = ALIGN (0x4)
                0x68000000                __ospi_device_0_start__ = .
 *(.ospi_device_0_no_load*)
                0x68000000                . = ALIGN (0x4)
                0x68000000                __ospi_device_0_end__ = .

.OSPI_DEVICE_1_NO_LOAD
                0x70000000        0x0
                0x70000000                . = ALIGN (0x4)
                0x70000000                __ospi_device_1_start__ = .
 *(.ospi_device_1_no_load*)
                0x70000000                . = ALIGN (0x4)
                0x70000000                __ospi_device_1_end__ = .
                0x68000000                __tz_OSPI_DEVICE_0_S = ORIGIN (OSPI_DEVICE_0)

.OSPI_DEVICE_0  0x68000000        0x0
                0x68000000                __ospi_device_0_start__ = .
 *(.ospi_device_0*)
 *(.code_in_ospi_device_0*)
                0x68000000                __ospi_device_0_end__ = .
                0x00000000                __ospi_device_0_code_size__ = (__ospi_device_0_end__ - __ospi_device_0_start__)
                0x0000599c                __ospi_device_0_code_addr__ = (__etext + (__data_end__ - __data_start__))

.ospi_device_0_non_retentive
                0x68000000        0x0 load address 0x0000599c
                0x68000000                __ospi_device_0_non_retentive_start__ = .
 *(.ospi_device_0_non_retentive*)
                0x68000000                __ospi_device_0_non_retentive_end__ = .
                0x00000000                __ospi_device_0_non_retentive_size__ = (__ospi_device_0_non_retentive_end__ - __ospi_device_0_non_retentive_start__)
                0x08000000                __ospi_device_0_region_max_size__ = 0x8000000
                0x68000000                __ospi_device_0_region_start_address__ = __ospi_device_0_start__
                0x70000000                __ospi_device_0_region_end_address__ = (__ospi_device_0_start__ + __ospi_device_0_region_max_size__)
                0x68000000                __tz_OSPI_DEVICE_0_N = __ospi_device_0_non_retentive_end__
                0x70000000                __tz_OSPI_DEVICE_1_S = ORIGIN (OSPI_DEVICE_1)

.OSPI_DEVICE_1  0x70000000        0x0
                0x70000000                __ospi_device_1_start__ = .
 *(.ospi_device_1*)
 *(.code_in_ospi_device_1*)
                0x70000000                __ospi_device_1_end__ = .
                0x00000000                __ospi_device_1_code_size__ = (__ospi_device_1_end__ - __ospi_device_1_start__)
                0x0000599c                __ospi_device_1_code_addr__ = (__etext + (__data_end__ - __data_start__))

.ospi_device_1_non_retentive
                0x70000000        0x0 load address 0x0000599c
                0x70000000                __ospi_device_1_non_retentive_start__ = .
 *(.ospi_device_1_non_retentive*)
                0x70000000                __ospi_device_1_non_retentive_end__ = .
                0x00000000                __ospi_device_1_non_retentive_size__ = (__ospi_device_1_non_retentive_end__ - __ospi_device_1_non_retentive_start__)
                0x10000000                __ospi_device_1_region_max_size__ = 0x10000000
                0x70000000                __ospi_device_1_region_start_address__ = __ospi_device_1_start__
                0x80000000                __ospi_device_1_region_end_address__ = (__ospi_device_1_start__ + __ospi_device_1_region_max_size__)
                0x70000000                __tz_OSPI_DEVICE_1_N = __ospi_device_1_non_retentive_end__

.noinit         0x20000070       0x20
                0x20000070                . = ALIGN (0x4)
                0x20000070                __noinit_start = .
 *(.noinit*)
 .noinit        0x20000070       0x1c ./ra/fsp/src/bsp/mcu/all/bsp_clocks.o
                0x20000090                . = ALIGN (0x8)
 *fill*         0x2000008c        0x4 
 *(.heap.*)
                0x20000090                __noinit_end = .

.bss            0x20000090    0x10e44
                0x20000090                . = ALIGN (0x4)
                0x20000090                __bss_start__ = .
 *(.bss*)
 .bss           0x20000090       0x1c c:/program files (x86)/gnu arm embedded toolchain/10 2021.10/bin/../lib/gcc/arm-none-eabi/10.3.1/thumb/v8-m.main+fp/hard/crtbegin.o
 .bss.g_ioport_ctrl
                0x200000ac        0x8 ./ra_gen/common_data.o
                0x200000ac                g_ioport_ctrl
 .bss.idle_thread
                0x200000b4        0x4 ./ra_gen/idle_thread.o
                0x200000b4                idle_thread
 .bss.g_fsp_common_initialized
                0x200000b8        0x1 ./ra_gen/main.o
                0x200000b8                g_fsp_common_initialized
 *fill*         0x200000b9        0x3 
 .bss.g_fsp_common_initialized_semaphore
                0x200000bc        0x4 ./ra_gen/main.o
                0x200000bc                g_fsp_common_initialized_semaphore
 .bss.g_fsp_common_initialized_semaphore_memory
                0x200000c0       0x48 ./ra_gen/main.o
                0x200000c0                g_fsp_common_initialized_semaphore_memory
 .bss.g_fsp_common_thread_count
                0x20000108        0x4 ./ra_gen/main.o
                0x20000108                g_fsp_common_thread_count
 .bss.uxIdleTaskStack.1
                0x2000010c      0x400 ./ra_gen/main.o
 .bss.uxTimerTaskStack.3
                0x2000050c      0x400 ./ra_gen/main.o
 .bss.xIdleTaskTCB.0
                0x2000090c       0x68 ./ra_gen/main.o
 .bss.xTimerTaskTCB.2
                0x20000974       0x68 ./ra_gen/main.o
 .bss.g_mask_level_before_disable
                0x200009dc        0x4 ./ra/fsp/src/rm_freertos_port/port.o
 .bss.uxCriticalNesting
                0x200009e0        0x4 ./ra/fsp/src/rm_freertos_port/port.o
 .bss.g_bsp_group_irq_sources
                0x200009e4       0x40 ./ra/fsp/src/bsp/mcu/all/bsp_group_irq.o
                0x200009e4                g_bsp_group_irq_sources
 .bss.g_protect_pfswe_counter
                0x20000a24        0x4 ./ra/fsp/src/bsp/mcu/all/bsp_io.o
                0x20000a24                g_protect_pfswe_counter
 .bss.gp_renesas_isr_context
                0x20000a28      0x180 ./ra/fsp/src/bsp/mcu/all/bsp_irq.o
                0x20000a28                gp_renesas_isr_context
 .bss.g_protect_counters
                0x20000ba8        0x8 ./ra/fsp/src/bsp/mcu/all/bsp_register_protection.o
                0x20000ba8                g_protect_counters
 .bss.current_heap_end.0
                0x20000bb0        0x4 ./ra/fsp/src/bsp/mcu/all/bsp_sbrk.o
 .bss.SystemCoreClock
                0x20000bb4        0x4 ./ra/fsp/src/bsp/cmsis/Device/RENESAS/Source/system.o
                0x20000bb4                SystemCoreClock
 .bss.pxEnd     0x20000bb8        0x4 ./ra/aws/amazon-freertos/freertos_kernel/portable/MemMang/heap_4.o
 .bss.ucHeap    0x20000bbc     0xffff ./ra/aws/amazon-freertos/freertos_kernel/portable/MemMang/heap_4.o
 *fill*         0x20010bbb        0x1 
 .bss.xBlockAllocatedBit
                0x20010bbc        0x4 ./ra/aws/amazon-freertos/freertos_kernel/portable/MemMang/heap_4.o
 .bss.xFreeBytesRemaining
                0x20010bc0        0x4 ./ra/aws/amazon-freertos/freertos_kernel/portable/MemMang/heap_4.o
 .bss.xMinimumEverFreeBytesRemaining
                0x20010bc4        0x4 ./ra/aws/amazon-freertos/freertos_kernel/portable/MemMang/heap_4.o
 .bss.xNumberOfSuccessfulAllocations
                0x20010bc8        0x4 ./ra/aws/amazon-freertos/freertos_kernel/portable/MemMang/heap_4.o
 .bss.xNumberOfSuccessfulFrees
                0x20010bcc        0x4 ./ra/aws/amazon-freertos/freertos_kernel/portable/MemMang/heap_4.o
 .bss.xStart    0x20010bd0        0x8 ./ra/aws/amazon-freertos/freertos_kernel/portable/MemMang/heap_4.o
 .bss.xQueueRegistry
                0x20010bd8       0x50 ./ra/aws/amazon-freertos/freertos_kernel/queue.o
                0x20010bd8                xQueueRegistry
 .bss.pxCurrentTCB
                0x20010c28        0x4 ./ra/aws/amazon-freertos/freertos_kernel/tasks.o
                0x20010c28                pxCurrentTCB
 .bss.pxDelayedTaskList
                0x20010c2c        0x4 ./ra/aws/amazon-freertos/freertos_kernel/tasks.o
 .bss.pxOverflowDelayedTaskList
                0x20010c30        0x4 ./ra/aws/amazon-freertos/freertos_kernel/tasks.o
 .bss.pxReadyTasksLists
                0x20010c34       0x64 ./ra/aws/amazon-freertos/freertos_kernel/tasks.o
 .bss.uxCurrentNumberOfTasks
                0x20010c98        0x4 ./ra/aws/amazon-freertos/freertos_kernel/tasks.o
 .bss.uxDeletedTasksWaitingCleanUp
                0x20010c9c        0x4 ./ra/aws/amazon-freertos/freertos_kernel/tasks.o
 .bss.uxSchedulerSuspended
                0x20010ca0        0x4 ./ra/aws/amazon-freertos/freertos_kernel/tasks.o
 .bss.uxTaskNumber
                0x20010ca4        0x4 ./ra/aws/amazon-freertos/freertos_kernel/tasks.o
 .bss.uxTopReadyPriority
                0x20010ca8        0x4 ./ra/aws/amazon-freertos/freertos_kernel/tasks.o
 .bss.xDelayedTaskList1
                0x20010cac       0x14 ./ra/aws/amazon-freertos/freertos_kernel/tasks.o
 .bss.xDelayedTaskList2
                0x20010cc0       0x14 ./ra/aws/amazon-freertos/freertos_kernel/tasks.o
 .bss.xNextTaskUnblockTime
                0x20010cd4        0x4 ./ra/aws/amazon-freertos/freertos_kernel/tasks.o
 .bss.xNumOfOverflows
                0x20010cd8        0x4 ./ra/aws/amazon-freertos/freertos_kernel/tasks.o
 .bss.xPendedTicks
                0x20010cdc        0x4 ./ra/aws/amazon-freertos/freertos_kernel/tasks.o
 .bss.xPendingReadyList
                0x20010ce0       0x14 ./ra/aws/amazon-freertos/freertos_kernel/tasks.o
 .bss.xSchedulerRunning
                0x20010cf4        0x4 ./ra/aws/amazon-freertos/freertos_kernel/tasks.o
 .bss.xSuspendedTaskList
                0x20010cf8       0x14 ./ra/aws/amazon-freertos/freertos_kernel/tasks.o
 .bss.xTasksWaitingTermination
                0x20010d0c       0x14 ./ra/aws/amazon-freertos/freertos_kernel/tasks.o
 .bss.xTickCount
                0x20010d20        0x4 ./ra/aws/amazon-freertos/freertos_kernel/tasks.o
 .bss.xYieldPending
                0x20010d24        0x4 ./ra/aws/amazon-freertos/freertos_kernel/tasks.o
 .bss.pxCurrentTimerList
                0x20010d28        0x4 ./ra/aws/amazon-freertos/freertos_kernel/timers.o
 .bss.pxOverflowTimerList
                0x20010d2c        0x4 ./ra/aws/amazon-freertos/freertos_kernel/timers.o
 .bss.ucStaticTimerQueueStorage.13
                0x20010d30       0x78 ./ra/aws/amazon-freertos/freertos_kernel/timers.o
 .bss.xActiveTimerList1
                0x20010da8       0x14 ./ra/aws/amazon-freertos/freertos_kernel/timers.o
 .bss.xActiveTimerList2
                0x20010dbc       0x14 ./ra/aws/amazon-freertos/freertos_kernel/timers.o
 .bss.xLastTime.17
                0x20010dd0        0x4 ./ra/aws/amazon-freertos/freertos_kernel/timers.o
 .bss.xStaticTimerQueue.12
                0x20010dd4       0x48 ./ra/aws/amazon-freertos/freertos_kernel/timers.o
 .bss.xTimerQueue
                0x20010e1c        0x4 ./ra/aws/amazon-freertos/freertos_kernel/timers.o
 .bss.xTimerTaskHandle
                0x20010e20        0x4 ./ra/aws/amazon-freertos/freertos_kernel/timers.o
 .bss.__lock___malloc_recursive_mutex
                0x20010e24        0x1 c:/program files (x86)/gnu arm embedded toolchain/10 2021.10/bin/../lib/gcc/arm-none-eabi/10.3.1/../../../../arm-none-eabi/lib/thumb/v8-m.main+fp/hard\libg_nano.a(lib_a-lock.o)
                0x20010e24                __lock___malloc_recursive_mutex
 .bss.__lock___sfp_recursive_mutex
                0x20010e25        0x1 c:/program files (x86)/gnu arm embedded toolchain/10 2021.10/bin/../lib/gcc/arm-none-eabi/10.3.1/../../../../arm-none-eabi/lib/thumb/v8-m.main+fp/hard\libg_nano.a(lib_a-lock.o)
                0x20010e25                __lock___sfp_recursive_mutex
 .bss.__lock___sinit_recursive_mutex
                0x20010e26        0x1 c:/program files (x86)/gnu arm embedded toolchain/10 2021.10/bin/../lib/gcc/arm-none-eabi/10.3.1/../../../../arm-none-eabi/lib/thumb/v8-m.main+fp/hard\libg_nano.a(lib_a-lock.o)
                0x20010e26                __lock___sinit_recursive_mutex
 *fill*         0x20010e27        0x1 
 .bss.__malloc_free_list
                0x20010e28        0x4 c:/program files (x86)/gnu arm embedded toolchain/10 2021.10/bin/../lib/gcc/arm-none-eabi/10.3.1/../../../../arm-none-eabi/lib/thumb/v8-m.main+fp/hard\libg_nano.a(lib_a-nano-mallocr.o)
                0x20010e28                __malloc_free_list
 .bss.__malloc_sbrk_start
                0x20010e2c        0x4 c:/program files (x86)/gnu arm embedded toolchain/10 2021.10/bin/../lib/gcc/arm-none-eabi/10.3.1/../../../../arm-none-eabi/lib/thumb/v8-m.main+fp/hard\libg_nano.a(lib_a-nano-mallocr.o)
                0x20010e2c                __malloc_sbrk_start
 .bss.errno     0x20010e30        0x4 c:/program files (x86)/gnu arm embedded toolchain/10 2021.10/bin/../lib/gcc/arm-none-eabi/10.3.1/../../../../arm-none-eabi/lib/thumb/v8-m.main+fp/hard\libg_nano.a(lib_a-reent.o)
                0x20010e30                errno
 .bss.openfiles
                0x20010e34       0xa0 c:/program files (x86)/gnu arm embedded toolchain/10 2021.10/bin/../lib/gcc/arm-none-eabi/10.3.1/../../../../arm-none-eabi/lib/thumb/v8-m.main+fp/hard\librdimon_nano.a(rdimon-syscalls.o)
 *(COMMON)
                0x20010ed4                . = ALIGN (0x4)
                0x20010ed4                __bss_end__ = .

.heap           0x20010ed8     0x4000
                0x20010ed8                . = ALIGN (0x8)
                0x20010ed8                __HeapBase = .
 *(.heap)
 .heap          0x20010ed8     0x4000 ./ra/fsp/src/bsp/cmsis/Device/RENESAS/Source/startup.o
                0x20014ed8                __HeapLimit = .

.stack_dummy    0x20014ed8     0x4000
                0x20014ed8                . = ALIGN (0x8)
                0x20014ed8                __StackLimit = .
 *(.stack)
 .stack         0x20014ed8     0x4000 ./ra/fsp/src/bsp/cmsis/Device/RENESAS/Source/startup.o
                0x20018ed8                __StackTop = .
 *(.stack*)
                0x20018ed8                __StackTopAll = .
                0x20018ed8                PROVIDE (__stack = __StackTopAll)
                0x20018ed8                __RAM_segment_used_end__ = ALIGN (__StackTopAll, 0x4)
                0x20019000                __tz_RAM_C = DEFINED (RAM_NSC_START)?ABSOLUTE (RAM_NSC_START):__RESERVE_NS_RAM?ABSOLUTE (RAM_NS_BUFFER_BLOCK_START):ALIGN (__RAM_segment_used_end__, 0x400)
                0x2001a000                __tz_RAM_N = DEFINED (RAM_NS_START)?ABSOLUTE (RAM_NS_START):__RESERVE_NS_RAM?ABSOLUTE (RAM_NS_BUFFER_BLOCK_START):ALIGN (__tz_RAM_C, 0x2000)

.ns_buffer      0x20018ed8        0x0
                0x20018ed8                . = __RESERVE_NS_RAM?ABSOLUTE ((RAM_NS_BUFFER_START & 0xffffffe0)):.
 *(.ns_buffer*)

.data_flash     0x08000000        0x0
                0x08000000                . = ORIGIN (DATA_FLASH)
                0x08000000                __tz_DATA_FLASH_S = .
                0x08000000                __Data_Flash_Start = .
 *(.data_flash*)
                0x08000000                __Data_Flash_End = .
                0x08000000                __tz_DATA_FLASH_N = DEFINED (DATA_FLASH_NS_START)?ABSOLUTE (DATA_FLASH_NS_START):__RESERVE_NS_RAM?ABSOLUTE ((DATA_FLASH_START + DATA_FLASH_LENGTH)):ALIGN (0x400)
                0x90000000                __tz_SDRAM_S = ORIGIN (SDRAM)

.sdram          0x90000000        0x0
                0x90000000                __SDRAM_Start = .
 *(.sdram*)
 *(.frame*)
                0x90000000                __SDRAM_End = .
                0x90000000                __tz_SDRAM_N = __SDRAM_End
                0x00000000                __tz_ID_CODE_S = ORIGIN (ID_CODE)

.id_code        0x00000000        0x0
                0x00000000                __ID_Code_Start = .
 *(.id_code*)
                0x00000000                __ID_Code_End = .
                0x00000000                __tz_ID_CODE_N = __ID_Code_End
                0x0100a100                __tz_OPTION_SETTING_S = ORIGIN (OPTION_SETTING)

.option_setting
                0x0100a100       0x38
                0x0100a100                __OPTION_SETTING_Start = .
 *(.option_setting_ofs0)
 .option_setting_ofs0
                0x0100a100        0x4 ./ra/fsp/src/bsp/mcu/all/bsp_rom_registers.o
                0x0100a110                . = PROJECT_SECURE_OR_FLAT?(__OPTION_SETTING_Start + 0x10):__OPTION_SETTING_Start
 *fill*         0x0100a104        0xc ff
 *(.option_setting_dualsel)
                0x0100a134                . = PROJECT_SECURE_OR_FLAT?(__OPTION_SETTING_Start + 0x34):__OPTION_SETTING_Start
 *fill*         0x0100a110       0x24 ff
 *(.option_setting_sas)
 .option_setting_sas
                0x0100a134        0x4 ./ra/fsp/src/bsp/mcu/all/bsp_rom_registers.o
                0x0100a138                __OPTION_SETTING_End = .
                0x0100a180                __tz_OPTION_SETTING_N = OPTION_SETTING_START_NS

.option_setting_ns
                0x0100a138        0x0
                0x0100a138                __OPTION_SETTING_NS_Start = .
 *(.option_setting_ofs1)
                0x0100a138                . = USE_OPTION_SETTING_NS?(__OPTION_SETTING_NS_Start + 0x10):__OPTION_SETTING_NS_Start
 *(.option_setting_banksel)
                0x0100a138                . = USE_OPTION_SETTING_NS?(__OPTION_SETTING_NS_Start + 0x40):__OPTION_SETTING_NS_Start
 *(.option_setting_bps0)
                0x0100a138                . = USE_OPTION_SETTING_NS?(__OPTION_SETTING_NS_Start + 0x44):__OPTION_SETTING_NS_Start
 *(.option_setting_bps1)
                0x0100a138                . = USE_OPTION_SETTING_NS?(__OPTION_SETTING_NS_Start + 0x48):__OPTION_SETTING_NS_Start
 *(.option_setting_bps2)
                0x0100a138                . = USE_OPTION_SETTING_NS?(__OPTION_SETTING_NS_Start + 0x60):__OPTION_SETTING_NS_Start
 *(.option_setting_pbps0)
                0x0100a138                . = USE_OPTION_SETTING_NS?(__OPTION_SETTING_NS_Start + 0x64):__OPTION_SETTING_NS_Start
 *(.option_setting_pbps1)
                0x0100a138                . = USE_OPTION_SETTING_NS?(__OPTION_SETTING_NS_Start + 0x68):__OPTION_SETTING_NS_Start
 *(.option_setting_pbps2)
                0x0100a138                __OPTION_SETTING_NS_End = .
                0x0100a200                __tz_OPTION_SETTING_S_S = ORIGIN (OPTION_SETTING_S)

.option_setting_s
                0x0100a200       0xcc
                0x0100a200                __OPTION_SETTING_S_Start = .
 *(.option_setting_ofs1_sec)
 .option_setting_ofs1_sec
                0x0100a200        0x4 ./ra/fsp/src/bsp/mcu/all/bsp_rom_registers.o
                0x0100a210                . = PROJECT_SECURE_OR_FLAT?(__OPTION_SETTING_S_Start + 0x10):__OPTION_SETTING_S_Start
 *fill*         0x0100a204        0xc ff
 *(.option_setting_banksel_sec)
 .option_setting_banksel_sec
                0x0100a210        0x4 ./ra/fsp/src/bsp/mcu/all/bsp_rom_registers.o
                0x0100a240                . = PROJECT_SECURE_OR_FLAT?(__OPTION_SETTING_S_Start + 0x40):__OPTION_SETTING_S_Start
 *fill*         0x0100a214       0x2c ff
 *(.option_setting_bps_sec0)
 .option_setting_bps_sec0
                0x0100a240        0x4 ./ra/fsp/src/bsp/mcu/all/bsp_rom_registers.o
                0x0100a244                . = PROJECT_SECURE_OR_FLAT?(__OPTION_SETTING_S_Start + 0x44):__OPTION_SETTING_S_Start
 *(.option_setting_bps_sec1)
 .option_setting_bps_sec1
                0x0100a244        0x4 ./ra/fsp/src/bsp/mcu/all/bsp_rom_registers.o
                0x0100a248                . = PROJECT_SECURE_OR_FLAT?(__OPTION_SETTING_S_Start + 0x48):__OPTION_SETTING_S_Start
 *(.option_setting_bps_sec2)
 .option_setting_bps_sec2
                0x0100a248        0x4 ./ra/fsp/src/bsp/mcu/all/bsp_rom_registers.o
                0x0100a260                . = PROJECT_SECURE_OR_FLAT?(__OPTION_SETTING_S_Start + 0x60):__OPTION_SETTING_S_Start
 *fill*         0x0100a24c       0x14 ff
 *(.option_setting_pbps_sec0)
 .option_setting_pbps_sec0
                0x0100a260        0x4 ./ra/fsp/src/bsp/mcu/all/bsp_rom_registers.o
                0x0100a264                . = PROJECT_SECURE_OR_FLAT?(__OPTION_SETTING_S_Start + 0x64):__OPTION_SETTING_S_Start
 *(.option_setting_pbps_sec1)
 .option_setting_pbps_sec1
                0x0100a264        0x4 ./ra/fsp/src/bsp/mcu/all/bsp_rom_registers.o
                0x0100a268                . = PROJECT_SECURE_OR_FLAT?(__OPTION_SETTING_S_Start + 0x68):__OPTION_SETTING_S_Start
 *(.option_setting_pbps_sec2)
 .option_setting_pbps_sec2
                0x0100a268        0x4 ./ra/fsp/src/bsp/mcu/all/bsp_rom_registers.o